2026-07-09 17:56:51 - INFO - Sistema de logging configurado. Archivo: /home/interiano/Projects/program_automation/meeting_generator.log
2026-07-09 17:56:51 - INFO - Iniciando análisis del documento: JULIO-AGOSTO-REVISADO 2.docx
2026-07-09 17:56:51 - INFO - Se encontraron 9 semanas en el documento
2026-07-09 17:56:51 - WARNING - Semana 1 no pasó la validación (faltan campos requeridos): 6 AL 12 JULIO
2026-07-09 17:56:51 - WARNING - Semana 2 no pasó la validación (faltan campos requeridos): 13 AL 19 JULIO
2026-07-09 17:56:51 - WARNING - Semana 3 no pasó la validación (faltan campos requeridos): 20 al 26 JULIO 2026
2026-07-09 17:56:51 - WARNING - Semana 4 no pasó la validación (faltan campos requeridos): 27 DE JULIO AL 2 DE AGOSTO
2026-07-09 17:56:51 - WARNING - Semana 5 no pasó la validación (faltan campos requeridos): 3 AL 9 AGOSTO
2026-07-09 17:56:51 - WARNING - Semana 6 no pasó la validación (faltan campos requeridos): 10 AL 16 DE AGOSTO
2026-07-09 17:56:51 - WARNING - Semana 7 no pasó la validación (faltan campos requeridos): 17 AL 23 DE AGOSTO
2026-07-09 17:56:51 - WARNING - Semana 8 no pasó la validación (faltan campos requeridos): 24 AL 30 DE AGOSTO
2026-07-09 17:56:51 - WARNING - Semana 9 no pasó la validación (faltan campos requeridos): 31 DE AGOSTO AL 6 DE SEPTIEMBRE
2026-07-09 17:56:51 - INFO - Análisis completado. 9 semanas extraídas de 9 encontradas.
2026-07-09 17:58:22 - INFO - Sistema de logging configurado. Archivo: /home/interiano/Projects/program_automation/meeting_generator.log
2026-07-09 17:58:22 - INFO - Iniciando análisis del documento: JULIO-AGOSTO-REVISADO 2.docx
2026-07-09 17:58:22 - INFO - Se encontraron 9 semanas en el documento
2026-07-09 17:58:22 - WARNING - Semana 1 no pasó validación: 6 AL 12 JULIO
2026-07-09 17:58:22 - WARNING - Semana 2 no pasó validación: 13 AL 19 JULIO
2026-07-09 17:58:22 - WARNING - Semana 3 no pasó validación: 20 al 26 JULIO 2026
2026-07-09 17:58:22 - WARNING - Semana 4 no pasó validación: 27 DE JULIO AL 2 DE AGOSTO
2026-07-09 17:58:22 - WARNING - Semana 5 no pasó validación: 3 AL 9 AGOSTO
2026-07-09 17:58:22 - WARNING - Semana 6 no pasó validación: 10 AL 16 DE AGOSTO
2026-07-09 17:58:22 - WARNING - Semana 7 no pasó validación: 17 AL 23 DE AGOSTO
2026-07-09 17:58:22 - WARNING - Semana 8 no pasó validación: 24 AL 30 DE AGOSTO
2026-07-09 17:58:22 - WARNING - Semana 9 no pasó validación: 31 DE AGOSTO AL 6 DE SEPTIEMBRE
2026-07-09 17:58:22 - INFO - Análisis completado. 9 semanas extraídas.
2026-07-09 18:07:40 - INFO - Sistema de logging configurado. Archivo: /home/interiano/Projects/program_automation/meeting_generator.log
2026-07-09 18:07:40 - INFO - Iniciando análisis del documento: JULIO-AGOSTO-REVISADO 2.docx
2026-07-09 18:07:40 - INFO - Se encontraron 9 semanas en el documento
2026-07-09 18:07:40 - WARNING - Semana 1 no pasó validación: 6 AL 12 JULIO
2026-07-09 18:07:40 - WARNING - Semana 2 no pasó validación: 13 AL 19 JULIO
2026-07-09 18:07:40 - WARNING - Semana 3 no pasó validación: 20 al 26 JULIO 2026
2026-07-09 18:07:40 - WARNING - Semana 4 no pasó validación: 27 DE JULIO AL 2 DE AGOSTO
2026-07-09 18:07:40 - WARNING - Semana 5 no pasó validación: 3 AL 9 AGOSTO
2026-07-09 18:07:40 - WARNING - Semana 6 no pasó validación: 10 AL 16 DE AGOSTO
2026-07-09 18:07:40 - WARNING - Semana 7 no pasó validación: 17 AL 23 DE AGOSTO
2026-07-09 18:07:40 - WARNING - Semana 8 no pasó validación: 24 AL 30 DE AGOSTO
2026-07-09 18:07:40 - WARNING - Semana 9 no pasó validación: 31 DE AGOSTO AL 6 DE SEPTIEMBRE
2026-07-09 18:07:40 - INFO - Análisis completado. 9 semanas extraídas.
2026-07-09 18:15:57 - INFO - Sistema de logging configurado. Archivo: /home/interiano/Projects/program_automation/meeting_generator.log
2026-07-09 18:15:57 - INFO - Iniciando análisis del documento: JULIO-AGOSTO-REVISADO 2.docx
2026-07-09 18:15:57 - INFO - Se encontraron 9 semanas en el documento
2026-07-09 18:15:57 - WARNING - Semana 1 no pasó validación: 6 AL 12 JULIO
2026-07-09 18:15:57 - WARNING - Semana 2 no pasó validación: 13 AL 19 JULIO
2026-07-09 18:15:57 - WARNING - Semana 3 no pasó validación: 20 al 26 JULIO 2026
2026-07-09 18:15:57 - WARNING - Semana 4 no pasó validación: 27 DE JULIO AL 2 DE AGOSTO
2026-07-09 18:15:57 - WARNING - Semana 5 no pasó validación: 3 AL 9 AGOSTO
2026-07-09 18:15:57 - WARNING - Semana 6 no pasó validación: 10 AL 16 DE AGOSTO
2026-07-09 18:15:57 - WARNING - Semana 7 no pasó validación: 17 AL 23 DE AGOSTO
2026-07-09 18:15:57 - WARNING - Semana 8 no pasó validación: 24 AL 30 DE AGOSTO
2026-07-09 18:15:57 - WARNING - Semana 9 no pasó validación: 31 DE AGOSTO AL 6 DE SEPTIEMBRE
2026-07-09 18:15:57 - INFO - Análisis completado. 9 semanas extraídas.
2026-07-09 18:30:37 - INFO - Sistema de logging configurado. Archivo: /home/interiano/Projects/program_automation/meeting_generator.log
2026-07-09 18:30:37 - INFO - Iniciando análisis: JULIO-AGOSTO-REVISADO 2.docx
2026-07-09 18:30:37 - INFO - Encabezados encontrados: 9 semanas
2026-07-09 18:30:37 - INFO - Tablas encontradas: 9
2026-07-09 18:30:37 - INFO - Sem 1: 6 AL 12 JULIO | Pres=GERMAN CERRATO | P1=Rafael Yánez P2=Pablo Interiano P3=Franklin Hernández | MinPts=4 | NVCPts=0
2026-07-09 18:30:37 - INFO - Sem 2: 13 AL 19 JULIO | Pres=KEVIN CABRERA | P1=David Arriola P2=Gustavo Hernández P3=David André Valladares | MinPts=4 | NVCPts=0
2026-07-09 18:30:37 - INFO - Sem 3: 20 al 26 JULIO 2026 | Pres=MIGUEL HERNÁNDEZ | P1=Juan Cruz P2=Pablo Interiano P3=André Avilés | MinPts=4 | NVCPts=0
2026-07-09 18:30:37 - INFO - Sem 4: 27 DE JULIO AL 2 DE AGOSTO | Pres=JEZER ZÚNIGA | P1=Roberto Martínez P2=David Arriola P3=David Santiago Jarquín | MinPts=4 | NVCPts=0
2026-07-09 18:30:37 - INFO - Sem 5: 3 AL 9 AGOSTO | Pres=RICARDO INTERIANO | P1=Miguel Hernández P2=Juan Cruz P3=Carlos Miguel Hernández | MinPts=4 | NVCPts=0
2026-07-09 18:30:37 - INFO - Sem 6: 10 AL 16 DE AGOSTO | Pres=MARVIN ZÚNIGA | P1=Pablo Interiano P2=Roberto Martínez P3=Roberto Martínez | MinPts=4 | NVCPts=1
2026-07-09 18:30:37 - INFO - Sem 7: 17 AL 23 DE AGOSTO | Pres=JORGE DANIEL VALLADARES | P1=Gustavo Hernández P2=David Arriola P3=Daniel Banegas | MinPts=4 | NVCPts=0
2026-07-09 18:30:37 - INFO - Sem 8: 24 AL 30 DE AGOSTO | Pres=MIGUEL HERNÁNDEZ | P1=Roberto Martínez P2=Rafael Yánez P3=Juan Bautista García | MinPts=3 | NVCPts=1
2026-07-09 18:30:37 - INFO - Sem 9: 31 DE AGOSTO AL 6 DE SEPTIEMBRE | Pres=NAPOLEÓN MORAZÁN | P1=Jezer Zúniga P2=Juan Cruz P3=José Rivera | MinPts=4 | NVCPts=0
2026-07-09 18:30:37 - INFO - Análisis completado. 9 semanas extraídas.
2026-07-09 18:31:25 - INFO - Sistema de logging configurado. Archivo: /home/interiano/Projects/program_automation/meeting_generator.log
2026-07-09 18:31:25 - INFO - Iniciando análisis: JULIO-AGOSTO-REVISADO 2.docx
2026-07-09 18:31:25 - INFO - Encabezados encontrados: 9 semanas
2026-07-09 18:31:25 - INFO - Tablas encontradas: 9
2026-07-09 18:31:25 - INFO - Sem 1: 6 AL 12 JULIO | Pres=GERMAN CERRATO | P1=Rafael Yánez P2=Pablo Interiano P3=Franklin Hernández | MinPts=4 | NVCPts=0
2026-07-09 18:31:25 - INFO - Sem 2: 13 AL 19 JULIO | Pres=KEVIN CABRERA | P1=David Arriola P2=Gustavo Hernández P3=David André Valladares | MinPts=4 | NVCPts=0
2026-07-09 18:31:25 - INFO - Sem 3: 20 al 26 JULIO 2026 | Pres=MIGUEL HERNÁNDEZ | P1=Juan Cruz P2=Pablo Interiano P3=André Avilés | MinPts=4 | NVCPts=0
2026-07-09 18:31:25 - INFO - Sem 4: 27 DE JULIO AL 2 DE AGOSTO | Pres=JEZER ZÚNIGA | P1=Roberto Martínez P2=David Arriola P3=David Santiago Jarquín | MinPts=4 | NVCPts=0
2026-07-09 18:31:25 - INFO - Sem 5: 3 AL 9 AGOSTO | Pres=RICARDO INTERIANO | P1=Miguel Hernández P2=Juan Cruz P3=Carlos Miguel Hernández | MinPts=4 | NVCPts=0
2026-07-09 18:31:25 - INFO - Sem 6: 10 AL 16 DE AGOSTO | Pres=MARVIN ZÚNIGA | P1=Pablo Interiano P2=Roberto Martínez P3=Roberto Martínez | MinPts=4 | NVCPts=1
2026-07-09 18:31:25 - INFO - Sem 7: 17 AL 23 DE AGOSTO | Pres=JORGE DANIEL VALLADARES | P1=Gustavo Hernández P2=David Arriola P3=Daniel Banegas | MinPts=4 | NVCPts=0
2026-07-09 18:31:25 - INFO - Sem 8: 24 AL 30 DE AGOSTO | Pres=MIGUEL HERNÁNDEZ | P1=Roberto Martínez P2=Rafael Yánez P3=Juan Bautista García | MinPts=3 | NVCPts=1
2026-07-09 18:31:25 - INFO - Sem 9: 31 DE AGOSTO AL 6 DE SEPTIEMBRE | Pres=NAPOLEÓN MORAZÁN | P1=Jezer Zúniga P2=Juan Cruz P3=José Rivera | MinPts=4 | NVCPts=0
2026-07-09 18:31:25 - INFO - Análisis completado. 9 semanas extraídas.
2026-07-09 18:31:25 - INFO - Cargando plantilla desde: S-140_S.docx
2026-07-09 18:31:25 - INFO - La plantilla contiene 0 formularios. Se procesarán 0 semanas.
2026-07-09 18:31:25 - WARNING - Semana 1 excede el número de formularios (0). Se omite.
2026-07-09 18:31:25 - INFO - Documento guardado en: S-140_COMPLETADO.docx
2026-07-09 21:28:24 - INFO - Sistema de logging configurado. Archivo: /home/interiano/Projects/program_automation/meeting_generator.log
2026-07-09 21:28:24 - INFO - Iniciando análisis: JULIO-AGOSTO-REVISADO 2.docx
2026-07-09 21:28:24 - INFO - Encabezados encontrados: 9 semanas
2026-07-09 21:28:24 - INFO - Tablas encontradas: 9
2026-07-09 21:28:24 - INFO - Sem 1: 6 AL 12 JULIO | Pres=GERMAN CERRATO | P1=Rafael Yánez P2=Pablo Interiano P3=Franklin Hernández | MinPts=4 | NVCPts=0
2026-07-09 21:28:24 - INFO - Sem 2: 13 AL 19 JULIO | Pres=KEVIN CABRERA | P1=David Arriola P2=Gustavo Hernández P3=David André Valladares | MinPts=4 | NVCPts=0
2026-07-09 21:28:24 - INFO - Sem 3: 20 al 26 JULIO 2026 | Pres=MIGUEL HERNÁNDEZ | P1=Juan Cruz P2=Pablo Interiano P3=André Avilés | MinPts=4 | NVCPts=0
2026-07-09 21:28:24 - INFO - Sem 4: 27 DE JULIO AL 2 DE AGOSTO | Pres=JEZER ZÚNIGA | P1=Roberto Martínez P2=David Arriola P3=David Santiago Jarquín | MinPts=4 | NVCPts=0
2026-07-09 21:28:24 - INFO - Sem 5: 3 AL 9 AGOSTO | Pres=RICARDO INTERIANO | P1=Miguel Hernández P2=Juan Cruz P3=Carlos Miguel Hernández | MinPts=4 | NVCPts=0
2026-07-09 21:28:25 - INFO - Sem 6: 10 AL 16 DE AGOSTO | Pres=MARVIN ZÚNIGA | P1=Pablo Interiano P2=Roberto Martínez P3=Roberto Martínez | MinPts=4 | NVCPts=1
2026-07-09 21:28:25 - INFO - Sem 7: 17 AL 23 DE AGOSTO | Pres=JORGE DANIEL VALLADARES | P1=Gustavo Hernández P2=David Arriola P3=Daniel Banegas | MinPts=4 | NVCPts=0
2026-07-09 21:28:25 - INFO - Sem 8: 24 AL 30 DE AGOSTO | Pres=MIGUEL HERNÁNDEZ | P1=Roberto Martínez P2=Rafael Yánez P3=Juan Bautista García | MinPts=3 | NVCPts=1
2026-07-09 21:28:25 - INFO - Sem 9: 31 DE AGOSTO AL 6 DE SEPTIEMBRE | Pres=NAPOLEÓN MORAZÁN | P1=Jezer Zúniga P2=Juan Cruz P3=José Rivera | MinPts=4 | NVCPts=0
2026-07-09 21:28:25 - INFO - Análisis completado. 9 semanas extraídas.
2026-07-09 21:28:25 - INFO - Cargando plantilla desde: S-140_S.docx
2026-07-09 21:28:25 - INFO - La plantilla contiene 0 formularios. Se procesarán 0 semanas.
2026-07-09 21:28:25 - WARNING - Semana 1 excede el número de formularios (0). Se omite.
2026-07-09 21:28:25 - INFO - Documento guardado en: S-140_COMPLETADO.docx
2026-07-09 21:35:29 - INFO - Sistema de logging configurado. Archivo: /home/interiano/Projects/program_automation/meeting_generator.log
2026-07-09 21:35:29 - INFO - Iniciando análisis: JULIO-AGOSTO-REVISADO 2.docx
2026-07-09 21:35:29 - INFO - Encabezados encontrados: 9 semanas
2026-07-09 21:35:29 - INFO - Tablas encontradas: 9
2026-07-09 21:35:29 - INFO - Sem 1: 6 AL 12 JULIO | Pres=GERMAN CERRATO | P1=Rafael Yánez P2=Pablo Interiano P3=Franklin Hernández | MinPts=4 | NVCPts=0
2026-07-09 21:35:29 - INFO - Sem 2: 13 AL 19 JULIO | Pres=KEVIN CABRERA | P1=David Arriola P2=Gustavo Hernández P3=David André Valladares | MinPts=4 | NVCPts=0
2026-07-09 21:35:29 - INFO - Sem 3: 20 al 26 JULIO 2026 | Pres=MIGUEL HERNÁNDEZ | P1=Juan Cruz P2=Pablo Interiano P3=André Avilés | MinPts=4 | NVCPts=0
2026-07-09 21:35:29 - INFO - Sem 4: 27 DE JULIO AL 2 DE AGOSTO | Pres=JEZER ZÚNIGA | P1=Roberto Martínez P2=David Arriola P3=David Santiago Jarquín | MinPts=4 | NVCPts=0
2026-07-09 21:35:29 - INFO - Sem 5: 3 AL 9 AGOSTO | Pres=RICARDO INTERIANO | P1=Miguel Hernández P2=Juan Cruz P3=Carlos Miguel Hernández | MinPts=4 | NVCPts=0
2026-07-09 21:35:29 - INFO - Sem 6: 10 AL 16 DE AGOSTO | Pres=MARVIN ZÚNIGA | P1=Pablo Interiano P2=Roberto Martínez P3=Roberto Martínez | MinPts=4 | NVCPts=1
2026-07-09 21:35:29 - INFO - Sem 7: 17 AL 23 DE AGOSTO | Pres=JORGE DANIEL VALLADARES | P1=Gustavo Hernández P2=David Arriola P3=Daniel Banegas | MinPts=4 | NVCPts=0
2026-07-09 21:35:29 - INFO - Sem 8: 24 AL 30 DE AGOSTO | Pres=MIGUEL HERNÁNDEZ | P1=Roberto Martínez P2=Rafael Yánez P3=Juan Bautista García | MinPts=3 | NVCPts=1
2026-07-09 21:35:29 - INFO - Sem 9: 31 DE AGOSTO AL 6 DE SEPTIEMBRE | Pres=NAPOLEÓN MORAZÁN | P1=Jezer Zúniga P2=Juan Cruz P3=José Rivera | MinPts=4 | NVCPts=0
2026-07-09 21:35:29 - INFO - Análisis completado. 9 semanas extraídas.
2026-07-09 21:36:15 - INFO - Sistema de logging configurado. Archivo: /home/interiano/Projects/program_automation/meeting_generator.log
2026-07-09 21:36:15 - INFO - Iniciando análisis: JULIO-AGOSTO-REVISADO 2.docx
2026-07-09 21:36:15 - INFO - Encabezados encontrados: 9 semanas
2026-07-09 21:36:15 - INFO - Tablas encontradas: 9
2026-07-09 21:36:15 - INFO - Sem 1: 6 AL 12 JULIO | Pres=GERMAN CERRATO | P1=Rafael Yánez P2=Pablo Interiano P3=Franklin Hernández | MinPts=4 | NVCPts=0
2026-07-09 21:36:15 - INFO - Sem 2: 13 AL 19 JULIO | Pres=KEVIN CABRERA | P1=David Arriola P2=Gustavo Hernández P3=David André Valladares | MinPts=4 | NVCPts=0
2026-07-09 21:36:15 - INFO - Sem 3: 20 al 26 JULIO 2026 | Pres=MIGUEL HERNÁNDEZ | P1=Juan Cruz P2=Pablo Interiano P3=André Avilés | MinPts=4 | NVCPts=0
2026-07-09 21:36:15 - INFO - Sem 4: 27 DE JULIO AL 2 DE AGOSTO | Pres=JEZER ZÚNIGA | P1=Roberto Martínez P2=David Arriola P3=David Santiago Jarquín | MinPts=4 | NVCPts=0
2026-07-09 21:36:15 - INFO - Sem 5: 3 AL 9 AGOSTO | Pres=RICARDO INTERIANO | P1=Miguel Hernández P2=Juan Cruz P3=Carlos Miguel Hernández | MinPts=4 | NVCPts=0
2026-07-09 21:36:15 - INFO - Sem 6: 10 AL 16 DE AGOSTO | Pres=MARVIN ZÚNIGA | P1=Pablo Interiano P2=Roberto Martínez P3=Roberto Martínez | MinPts=4 | NVCPts=1
2026-07-09 21:36:15 - INFO - Sem 7: 17 AL 23 DE AGOSTO | Pres=JORGE DANIEL VALLADARES | P1=Gustavo Hernández P2=David Arriola P3=Daniel Banegas | MinPts=4 | NVCPts=0
2026-07-09 21:36:15 - INFO - Sem 8: 24 AL 30 DE AGOSTO | Pres=MIGUEL HERNÁNDEZ | P1=Roberto Martínez P2=Rafael Yánez P3=Juan Bautista García | MinPts=3 | NVCPts=1
2026-07-09 21:36:15 - INFO - Sem 9: 31 DE AGOSTO AL 6 DE SEPTIEMBRE | Pres=NAPOLEÓN MORAZÁN | P1=Jezer Zúniga P2=Juan Cruz P3=José Rivera | MinPts=4 | NVCPts=0
2026-07-09 21:36:15 - INFO - Análisis completado. 9 semanas extraídas.
2026-07-09 21:36:15 - INFO - Cargando plantilla desde: S-140_S.docx
2026-07-09 21:36:15 - INFO - La plantilla contiene 0 formularios. Se procesarán 0 semanas.
2026-07-09 21:36:15 - WARNING - Semana 1 excede el número de formularios (0). Se omite.
2026-07-09 21:36:15 - INFO - Documento guardado en: S-140_COMPLETADO.docx
2026-07-09 21:38:35 - INFO - Sistema de logging configurado. Archivo: /home/interiano/Projects/program_automation/meeting_generator.log
2026-07-09 21:38:35 - INFO - Iniciando análisis: JULIO-AGOSTO-REVISADO 2.docx
2026-07-09 21:38:35 - INFO - Encabezados encontrados: 9 semanas
2026-07-09 21:38:35 - INFO - Tablas encontradas: 9
2026-07-09 21:38:35 - INFO - Sem 1: 6 AL 12 JULIO | Pres=GERMAN CERRATO | P1=Rafael Yánez P2=Pablo Interiano P3=Franklin Hernández | MinPts=4 | NVCPts=0
2026-07-09 21:38:36 - INFO - Sem 2: 13 AL 19 JULIO | Pres=KEVIN CABRERA | P1=David Arriola P2=Gustavo Hernández P3=David André Valladares | MinPts=4 | NVCPts=0
2026-07-09 21:38:36 - INFO - Sem 3: 20 al 26 JULIO 2026 | Pres=MIGUEL HERNÁNDEZ | P1=Juan Cruz P2=Pablo Interiano P3=André Avilés | MinPts=4 | NVCPts=0
2026-07-09 21:38:36 - INFO - Sem 4: 27 DE JULIO AL 2 DE AGOSTO | Pres=JEZER ZÚNIGA | P1=Roberto Martínez P2=David Arriola P3=David Santiago Jarquín | MinPts=4 | NVCPts=0
2026-07-09 21:38:36 - INFO - Sem 5: 3 AL 9 AGOSTO | Pres=RICARDO INTERIANO | P1=Miguel Hernández P2=Juan Cruz P3=Carlos Miguel Hernández | MinPts=4 | NVCPts=0
2026-07-09 21:38:36 - INFO - Sem 6: 10 AL 16 DE AGOSTO | Pres=MARVIN ZÚNIGA | P1=Pablo Interiano P2=Roberto Martínez P3=Roberto Martínez | MinPts=4 | NVCPts=1
2026-07-09 21:38:36 - INFO - Sem 7: 17 AL 23 DE AGOSTO | Pres=JORGE DANIEL VALLADARES | P1=Gustavo Hernández P2=David Arriola P3=Daniel Banegas | MinPts=4 | NVCPts=0
2026-07-09 21:38:36 - INFO - Sem 8: 24 AL 30 DE AGOSTO | Pres=MIGUEL HERNÁNDEZ | P1=Roberto Martínez P2=Rafael Yánez P3=Juan Bautista García | MinPts=3 | NVCPts=1
2026-07-09 21:38:36 - INFO - Sem 9: 31 DE AGOSTO AL 6 DE SEPTIEMBRE | Pres=NAPOLEÓN MORAZÁN | P1=Jezer Zúniga P2=Juan Cruz P3=José Rivera | MinPts=4 | NVCPts=0
2026-07-09 21:38:36 - INFO - Análisis completado. 9 semanas extraídas.
2026-07-09 21:38:36 - INFO - Cargando plantilla: S-140_S.docx
2026-07-09 21:38:36 - INFO - Tabla principal: 102 filas x 14 columnas
2026-07-09 21:38:36 - INFO - Columnas con formularios: [0, 1, 2, 3, 4, 5, 6]
2026-07-09 21:38:36 - INFO - Columna 0 rellenada: 6 AL 12 JULIO
2026-07-09 21:38:36 - INFO - Columna 1 rellenada: 13 AL 19 JULIO
2026-07-09 21:38:36 - INFO - Columna 2 rellenada: 20 al 26 JULIO 2026
2026-07-09 21:38:36 - INFO - Columna 3 rellenada: 27 DE JULIO AL 2 DE AGOSTO
2026-07-09 21:38:36 - INFO - Columna 4 rellenada: 3 AL 9 AGOSTO
2026-07-09 21:38:36 - INFO - Columna 5 rellenada: 10 AL 16 DE AGOSTO
2026-07-09 21:38:36 - INFO - Columna 6 rellenada: 17 AL 23 DE AGOSTO
2026-07-09 21:38:36 - WARNING - Semana 8 excede columnas disponibles (7). Se omite.
2026-07-09 21:38:36 - INFO - Documento guardado: S-140_COMPLETADO.docx
2026-07-09 21:43:47 - INFO - Sistema de logging configurado. Archivo: /home/interiano/Projects/program_automation/meeting_generator.log
2026-07-09 21:43:47 - INFO - Iniciando análisis: JULIO-AGOSTO-REVISADO 2.docx
2026-07-09 21:43:47 - INFO - Encabezados encontrados: 9 semanas
2026-07-09 21:43:47 - INFO - Tablas encontradas: 9
2026-07-09 21:43:47 - INFO - Sem 1: 6 AL 12 JULIO | Pres=GERMAN CERRATO | P1=Rafael Yánez P2=Pablo Interiano P3=Franklin Hernández | MinPts=4 | NVCPts=0
2026-07-09 21:43:47 - INFO - Sem 2: 13 AL 19 JULIO | Pres=KEVIN CABRERA | P1=David Arriola P2=Gustavo Hernández P3=David André Valladares | MinPts=4 | NVCPts=0
2026-07-09 21:43:47 - INFO - Sem 3: 20 al 26 JULIO 2026 | Pres=MIGUEL HERNÁNDEZ | P1=Juan Cruz P2=Pablo Interiano P3=André Avilés | MinPts=4 | NVCPts=0
2026-07-09 21:43:47 - INFO - Sem 4: 27 DE JULIO AL 2 DE AGOSTO | Pres=JEZER ZÚNIGA | P1=Roberto Martínez P2=David Arriola P3=David Santiago Jarquín | MinPts=4 | NVCPts=0
2026-07-09 21:43:47 - INFO - Sem 5: 3 AL 9 AGOSTO | Pres=RICARDO INTERIANO | P1=Miguel Hernández P2=Juan Cruz P3=Carlos Miguel Hernández | MinPts=4 | NVCPts=0
2026-07-09 21:43:47 - INFO - Sem 6: 10 AL 16 DE AGOSTO | Pres=MARVIN ZÚNIGA | P1=Pablo Interiano P2=Roberto Martínez P3=Roberto Martínez | MinPts=4 | NVCPts=1
2026-07-09 21:43:47 - INFO - Sem 7: 17 AL 23 DE AGOSTO | Pres=JORGE DANIEL VALLADARES | P1=Gustavo Hernández P2=David Arriola P3=Daniel Banegas | MinPts=4 | NVCPts=0
2026-07-09 21:43:47 - INFO - Sem 8: 24 AL 30 DE AGOSTO | Pres=MIGUEL HERNÁNDEZ | P1=Roberto Martínez P2=Rafael Yánez P3=Juan Bautista García | MinPts=3 | NVCPts=1
2026-07-09 21:43:47 - INFO - Sem 9: 31 DE AGOSTO AL 6 DE SEPTIEMBRE | Pres=NAPOLEÓN MORAZÁN | P1=Jezer Zúniga P2=Juan Cruz P3=José Rivera | MinPts=4 | NVCPts=0
2026-07-09 21:43:47 - INFO - Análisis completado. 9 semanas extraídas.
2026-07-09 21:43:47 - INFO - Cargando plantilla: S-140_S.docx
2026-07-09 21:43:47 - WARNING - Solo 7 formularios por página. Se procesarán 7 de 9 semanas.
2026-07-09 21:43:47 - INFO - Procesando tabla 0 (102 filas x 14 columnas)...
2026-07-09 21:43:48 - INFO - Procesando tabla 1 (51 filas x 14 columnas)...
2026-07-09 21:43:48 - INFO - Procesando tabla 2 (51 filas x 14 columnas)...
2026-07-09 21:43:48 - INFO - Procesando tabla 3 (26 filas x 14 columnas)...
2026-07-09 21:43:48 - INFO - Documento guardado: S-140_COMPLETADO.docx
2026-07-09 21:45:55 - INFO - Sistema de logging configurado. Archivo: /home/interiano/Projects/program_automation/meeting_generator.log
2026-07-09 21:45:55 - INFO - Iniciando análisis: JULIO-AGOSTO-REVISADO 2.docx
2026-07-09 21:45:55 - INFO - Encabezados encontrados: 9 semanas
2026-07-09 21:45:55 - INFO - Tablas encontradas: 9
2026-07-09 21:45:55 - INFO - Sem 1: 6 AL 12 JULIO | Pres=GERMAN CERRATO | P1=Rafael Yánez P2=Pablo Interiano P3=Franklin Hernández | MinPts=4 | NVCPts=0
2026-07-09 21:45:55 - INFO - Sem 2: 13 AL 19 JULIO | Pres=KEVIN CABRERA | P1=David Arriola P2=Gustavo Hernández P3=David André Valladares | MinPts=4 | NVCPts=0
2026-07-09 21:45:55 - INFO - Sem 3: 20 al 26 JULIO 2026 | Pres=MIGUEL HERNÁNDEZ | P1=Juan Cruz P2=Pablo Interiano P3=André Avilés | MinPts=4 | NVCPts=0
2026-07-09 21:45:55 - INFO - Sem 4: 27 DE JULIO AL 2 DE AGOSTO | Pres=JEZER ZÚNIGA | P1=Roberto Martínez P2=David Arriola P3=David Santiago Jarquín | MinPts=4 | NVCPts=0
2026-07-09 21:45:55 - INFO - Sem 5: 3 AL 9 AGOSTO | Pres=RICARDO INTERIANO | P1=Miguel Hernández P2=Juan Cruz P3=Carlos Miguel Hernández | MinPts=4 | NVCPts=0
2026-07-09 21:45:55 - INFO - Sem 6: 10 AL 16 DE AGOSTO | Pres=MARVIN ZÚNIGA | P1=Pablo Interiano P2=Roberto Martínez P3=Roberto Martínez | MinPts=4 | NVCPts=1
2026-07-09 21:45:55 - INFO - Sem 7: 17 AL 23 DE AGOSTO | Pres=JORGE DANIEL VALLADARES | P1=Gustavo Hernández P2=David Arriola P3=Daniel Banegas | MinPts=4 | NVCPts=0
2026-07-09 21:45:55 - INFO - Sem 8: 24 AL 30 DE AGOSTO | Pres=MIGUEL HERNÁNDEZ | P1=Roberto Martínez P2=Rafael Yánez P3=Juan Bautista García | MinPts=3 | NVCPts=1
2026-07-09 21:45:55 - INFO - Sem 9: 31 DE AGOSTO AL 6 DE SEPTIEMBRE | Pres=NAPOLEÓN MORAZÁN | P1=Jezer Zúniga P2=Juan Cruz P3=José Rivera | MinPts=4 | NVCPts=0
2026-07-09 21:45:55 - INFO - Análisis completado. 9 semanas extraídas.
2026-07-09 21:45:55 - INFO - Cargando plantilla: S-140_S.docx
2026-07-09 21:45:55 - WARNING - Solo 7 formularios. Se procesan 7 de 9 semanas.
2026-07-09 21:45:56 - INFO - Guardado: S-140_COMPLETADO.docx
2026-07-09 21:46:56 - INFO - Sistema de logging configurado. Archivo: /home/interiano/Projects/program_automation/meeting_generator.log
2026-07-09 21:46:56 - INFO - Iniciando análisis: JULIO-AGOSTO-REVISADO 2.docx
2026-07-09 21:46:56 - INFO - Encabezados encontrados: 9 semanas
2026-07-09 21:46:56 - INFO - Tablas encontradas: 9
2026-07-09 21:46:56 - INFO - Sem 1: 6 AL 12 JULIO | Pres=GERMAN CERRATO | P1=Rafael Yánez P2=Pablo Interiano P3=Franklin Hernández | MinPts=4 | NVCPts=0
2026-07-09 21:46:56 - INFO - Sem 2: 13 AL 19 JULIO | Pres=KEVIN CABRERA | P1=David Arriola P2=Gustavo Hernández P3=David André Valladares | MinPts=4 | NVCPts=0
2026-07-09 21:46:56 - INFO - Sem 3: 20 al 26 JULIO 2026 | Pres=MIGUEL HERNÁNDEZ | P1=Juan Cruz P2=Pablo Interiano P3=André Avilés | MinPts=4 | NVCPts=0
2026-07-09 21:46:56 - INFO - Sem 4: 27 DE JULIO AL 2 DE AGOSTO | Pres=JEZER ZÚNIGA | P1=Roberto Martínez P2=David Arriola P3=David Santiago Jarquín | MinPts=4 | NVCPts=0
2026-07-09 21:46:56 - INFO - Sem 5: 3 AL 9 AGOSTO | Pres=RICARDO INTERIANO | P1=Miguel Hernández P2=Juan Cruz P3=Carlos Miguel Hernández | MinPts=4 | NVCPts=0
2026-07-09 21:46:56 - INFO - Sem 6: 10 AL 16 DE AGOSTO | Pres=MARVIN ZÚNIGA | P1=Pablo Interiano P2=Roberto Martínez P3=Roberto Martínez | MinPts=4 | NVCPts=1
2026-07-09 21:46:56 - INFO - Sem 7: 17 AL 23 DE AGOSTO | Pres=JORGE DANIEL VALLADARES | P1=Gustavo Hernández P2=David Arriola P3=Daniel Banegas | MinPts=4 | NVCPts=0
2026-07-09 21:46:56 - INFO - Sem 8: 24 AL 30 DE AGOSTO | Pres=MIGUEL HERNÁNDEZ | P1=Roberto Martínez P2=Rafael Yánez P3=Juan Bautista García | MinPts=3 | NVCPts=1
2026-07-09 21:46:56 - INFO - Sem 9: 31 DE AGOSTO AL 6 DE SEPTIEMBRE | Pres=NAPOLEÓN MORAZÁN | P1=Jezer Zúniga P2=Juan Cruz P3=José Rivera | MinPts=4 | NVCPts=0
2026-07-09 21:46:56 - INFO - Análisis completado. 9 semanas extraídas.
2026-07-09 21:48:01 - INFO - Sistema de logging configurado. Archivo: /home/interiano/Projects/program_automation/meeting_generator.log
2026-07-09 21:48:01 - INFO - Iniciando análisis: JULIO-AGOSTO-REVISADO 2.docx
2026-07-09 21:48:01 - INFO - Encabezados encontrados: 9 semanas
2026-07-09 21:48:01 - INFO - Tablas encontradas: 9
2026-07-09 21:48:01 - INFO - Sem 1: 6 AL 12 JULIO | Pres=GERMAN CERRATO | P1=Rafael Yánez P2=Pablo Interiano P3=Franklin Hernández | MinPts=4 | NVCPts=0
2026-07-09 21:48:01 - INFO - Sem 2: 13 AL 19 JULIO | Pres=KEVIN CABRERA | P1=David Arriola P2=Gustavo Hernández P3=David André Valladares | MinPts=4 | NVCPts=0
2026-07-09 21:48:01 - INFO - Sem 3: 20 al 26 JULIO 2026 | Pres=MIGUEL HERNÁNDEZ | P1=Juan Cruz P2=Pablo Interiano P3=André Avilés | MinPts=4 | NVCPts=0
2026-07-09 21:48:01 - INFO - Sem 4: 27 DE JULIO AL 2 DE AGOSTO | Pres=JEZER ZÚNIGA | P1=Roberto Martínez P2=David Arriola P3=David Santiago Jarquín | MinPts=4 | NVCPts=0
2026-07-09 21:48:01 - INFO - Sem 5: 3 AL 9 AGOSTO | Pres=RICARDO INTERIANO | P1=Miguel Hernández P2=Juan Cruz P3=Carlos Miguel Hernández | MinPts=4 | NVCPts=0
2026-07-09 21:48:01 - INFO - Sem 6: 10 AL 16 DE AGOSTO | Pres=MARVIN ZÚNIGA | P1=Pablo Interiano P2=Roberto Martínez P3=Roberto Martínez | MinPts=4 | NVCPts=1
2026-07-09 21:48:01 - INFO - Sem 7: 17 AL 23 DE AGOSTO | Pres=JORGE DANIEL VALLADARES | P1=Gustavo Hernández P2=David Arriola P3=Daniel Banegas | MinPts=4 | NVCPts=0
2026-07-09 21:48:01 - INFO - Sem 8: 24 AL 30 DE AGOSTO | Pres=MIGUEL HERNÁNDEZ | P1=Roberto Martínez P2=Rafael Yánez P3=Juan Bautista García | MinPts=3 | NVCPts=1
2026-07-09 21:48:01 - INFO - Sem 9: 31 DE AGOSTO AL 6 DE SEPTIEMBRE | Pres=NAPOLEÓN MORAZÁN | P1=Jezer Zúniga P2=Juan Cruz P3=José Rivera | MinPts=4 | NVCPts=0
2026-07-09 21:48:01 - INFO - Análisis completado. 9 semanas extraídas.
2026-07-09 21:48:01 - INFO - Cargando plantilla: S-140_S.docx
2026-07-09 21:48:01 - WARNING - Solo 7 formularios. Se procesan 7 de 9 semanas.
2026-07-09 21:48:02 - INFO - Guardado: S-140_COMPLETADO.docx
2026-07-09 21:59:36 - INFO - Sistema de logging configurado. Archivo: /home/interiano/Projects/program_automation/meeting_generator.log
2026-07-09 21:59:36 - INFO - Iniciando análisis: JULIO-AGOSTO-REVISADO 2.docx
2026-07-09 21:59:36 - INFO - Encabezados encontrados: 9 semanas
2026-07-09 21:59:36 - INFO - Tablas encontradas: 9
2026-07-09 21:59:37 - INFO - Sem 1: 6 AL 12 JULIO | Pres=GERMAN CERRATO | T=3 M=3 CV=3
2026-07-09 21:59:37 - INFO - Sem 2: 13 AL 19 JULIO | Pres=KEVIN CABRERA | T=3 M=3 CV=3
2026-07-09 21:59:37 - INFO - Sem 3: 20 al 26 JULIO 2026 | Pres=MIGUEL HERNÁNDEZ | T=3 M=3 CV=3
2026-07-09 21:59:37 - INFO - Sem 4: 27 DE JULIO AL 2 DE AGOSTO | Pres=JEZER ZÚNIGA | T=3 M=3 CV=3
2026-07-09 21:59:37 - INFO - Sem 5: 3 AL 9 AGOSTO | Pres=RICARDO INTERIANO | T=3 M=3 CV=3
2026-07-09 21:59:37 - INFO - Sem 6: 10 AL 16 DE AGOSTO | Pres=MARVIN ZÚNIGA | T=3 M=3 CV=4
2026-07-09 21:59:37 - INFO - Sem 7: 17 AL 23 DE AGOSTO | Pres=JORGE DANIEL VALLADARES | T=3 M=3 CV=3
2026-07-09 21:59:37 - INFO - Sem 8: 24 AL 30 DE AGOSTO | Pres=MIGUEL HERNÁNDEZ | T=3 M=3 CV=3
2026-07-09 21:59:37 - INFO - Sem 9: 31 DE AGOSTO AL 6 DE SEPTIEMBRE | Pres=NAPOLEÓN MORAZÁN | T=3 M=3 CV=3
2026-07-09 21:59:37 - INFO - Análisis completado. 9 semanas extraídas.
2026-07-09 22:01:07 - INFO - Sistema de logging configurado. Archivo: /home/interiano/Projects/program_automation/meeting_generator.log
2026-07-09 22:01:07 - INFO - Iniciando análisis: JULIO-AGOSTO-REVISADO 2.docx
2026-07-09 22:01:07 - INFO - Encabezados encontrados: 9 semanas
2026-07-09 22:01:07 - INFO - Tablas encontradas: 9
2026-07-09 22:01:07 - INFO - Sem 1: 6 AL 12 JULIO | Pres=GERMAN CERRATO | T=3 M=3 CV=3
2026-07-09 22:01:07 - INFO - Sem 2: 13 AL 19 JULIO | Pres=KEVIN CABRERA | T=3 M=3 CV=3
2026-07-09 22:01:07 - INFO - Sem 3: 20 al 26 JULIO 2026 | Pres=MIGUEL HERNÁNDEZ | T=3 M=3 CV=3
2026-07-09 22:01:07 - INFO - Sem 4: 27 DE JULIO AL 2 DE AGOSTO | Pres=JEZER ZÚNIGA | T=3 M=3 CV=3
2026-07-09 22:01:07 - INFO - Sem 5: 3 AL 9 AGOSTO | Pres=RICARDO INTERIANO | T=3 M=3 CV=3
2026-07-09 22:01:07 - INFO - Sem 6: 10 AL 16 DE AGOSTO | Pres=MARVIN ZÚNIGA | T=3 M=3 CV=4
2026-07-09 22:01:07 - INFO - Sem 7: 17 AL 23 DE AGOSTO | Pres=JORGE DANIEL VALLADARES | T=3 M=3 CV=3
2026-07-09 22:01:07 - INFO - Sem 8: 24 AL 30 DE AGOSTO | Pres=MIGUEL HERNÁNDEZ | T=3 M=3 CV=3
2026-07-09 22:01:07 - INFO - Sem 9: 31 DE AGOSTO AL 6 DE SEPTIEMBRE | Pres=NAPOLEÓN MORAZÁN | T=3 M=3 CV=3
2026-07-09 22:01:07 - INFO - Análisis completado. 9 semanas extraídas.
2026-07-09 22:01:07 - INFO - Cargando plantilla: S-140_S.docx
2026-07-09 22:01:07 - WARNING - Solo 7 formularios. Se procesan 7 de 9 semanas.
2026-07-09 22:01:10 - WARNING - Placeholders restantes: 332
2026-07-09 22:01:10 - INFO - Documento guardado: S-140_COMPLETADO.docx
2026-07-09 22:10:44 - INFO - Sistema de logging configurado. Archivo: /home/interiano/Projects/program_automation/meeting_generator.log
2026-07-09 22:10:44 - INFO - Iniciando análisis: JULIO-AGOSTO-REVISADO 2.docx
2026-07-09 22:10:44 - INFO - Encabezados encontrados: 9 semanas
2026-07-09 22:10:44 - INFO - Tablas encontradas: 9
2026-07-09 22:10:44 - INFO - Sem 1: 6 AL 12 JULIO | Pres=GERMAN CERRATO | T=3 M=3 CV=3
2026-07-09 22:10:44 - INFO - Sem 2: 13 AL 19 JULIO | Pres=KEVIN CABRERA | T=3 M=3 CV=3
2026-07-09 22:10:44 - INFO - Sem 3: 20 al 26 JULIO 2026 | Pres=MIGUEL HERNÁNDEZ | T=3 M=3 CV=3
2026-07-09 22:10:44 - INFO - Sem 4: 27 DE JULIO AL 2 DE AGOSTO | Pres=JEZER ZÚNIGA | T=3 M=3 CV=3
2026-07-09 22:10:44 - INFO - Sem 5: 3 AL 9 AGOSTO | Pres=RICARDO INTERIANO | T=3 M=3 CV=3
2026-07-09 22:10:44 - INFO - Sem 6: 10 AL 16 DE AGOSTO | Pres=MARVIN ZÚNIGA | T=3 M=3 CV=4
2026-07-09 22:10:45 - INFO - Sem 7: 17 AL 23 DE AGOSTO | Pres=JORGE DANIEL VALLADARES | T=3 M=3 CV=3
2026-07-09 22:10:45 - INFO - Sem 8: 24 AL 30 DE AGOSTO | Pres=MIGUEL HERNÁNDEZ | T=3 M=3 CV=3
2026-07-09 22:10:45 - INFO - Sem 9: 31 DE AGOSTO AL 6 DE SEPTIEMBRE | Pres=NAPOLEÓN MORAZÁN | T=3 M=3 CV=3
2026-07-09 22:10:45 - INFO - Análisis completado. 9 semanas extraídas.
2026-07-09 22:10:45 - INFO - Cargando: S-140_S.docx
2026-07-09 22:10:45 - WARNING - Solo 7 formularios. 7 de 9 semanas.
2026-07-09 22:10:48 - WARNING - Placeholders restantes: 334
2026-07-09 22:10:48 - INFO - Guardado: S-140_COMPLETADO.docx
2026-07-09 22:15:04 - INFO - Sistema de logging configurado. Archivo: /home/interiano/Projects/program_automation/meeting_generator.log
2026-07-09 22:15:04 - INFO - Iniciando análisis: JULIO-AGOSTO-REVISADO 2.docx
2026-07-09 22:15:04 - INFO - Encabezados encontrados: 9 semanas
2026-07-09 22:15:04 - INFO - Tablas encontradas: 9
2026-07-09 22:15:04 - INFO - Sem 1: 6 AL 12 JULIO | Pres=GERMAN CERRATO | T=3 M=3 CV=3
2026-07-09 22:15:04 - INFO - Sem 2: 13 AL 19 JULIO | Pres=KEVIN CABRERA | T=3 M=3 CV=3
2026-07-09 22:15:04 - INFO - Sem 3: 20 al 26 JULIO 2026 | Pres=MIGUEL HERNÁNDEZ | T=3 M=3 CV=3
2026-07-09 22:15:04 - INFO - Sem 4: 27 DE JULIO AL 2 DE AGOSTO | Pres=JEZER ZÚNIGA | T=3 M=3 CV=3
2026-07-09 22:15:04 - INFO - Sem 5: 3 AL 9 AGOSTO | Pres=RICARDO INTERIANO | T=3 M=3 CV=3
2026-07-09 22:15:04 - INFO - Sem 6: 10 AL 16 DE AGOSTO | Pres=MARVIN ZÚNIGA | T=3 M=3 CV=4
2026-07-09 22:15:04 - INFO - Sem 7: 17 AL 23 DE AGOSTO | Pres=JORGE DANIEL VALLADARES | T=3 M=3 CV=3
2026-07-09 22:15:04 - INFO - Sem 8: 24 AL 30 DE AGOSTO | Pres=MIGUEL HERNÁNDEZ | T=3 M=3 CV=3
2026-07-09 22:15:04 - INFO - Sem 9: 31 DE AGOSTO AL 6 DE SEPTIEMBRE | Pres=NAPOLEÓN MORAZÁN | T=3 M=3 CV=3
2026-07-09 22:15:04 - INFO - Análisis completado. 9 semanas extraídas.
2026-07-09 22:15:04 - INFO - Cargando: S-140_S.docx
2026-07-09 22:15:07 - WARNING - Placeholders restantes: 452
2026-07-09 22:15:07 - INFO - Guardado: S-140_COMPLETADO.docx
2026-07-09 22:19:26 - INFO - Sistema de logging configurado. Archivo: /home/interiano/Projects/program_automation/meeting_generator.log
2026-07-09 22:19:26 - INFO - Iniciando análisis: JULIO-AGOSTO-REVISADO 2.docx
2026-07-09 22:19:26 - INFO - Encabezados encontrados: 9 semanas
2026-07-09 22:19:26 - INFO - Tablas encontradas: 9
2026-07-09 22:19:26 - INFO - Sem 1: 6 AL 12 JULIO | Pres=GERMAN CERRATO | T=3 M=3 CV=3
2026-07-09 22:19:26 - INFO - Sem 2: 13 AL 19 JULIO | Pres=KEVIN CABRERA | T=3 M=3 CV=3
2026-07-09 22:19:26 - INFO - Sem 3: 20 al 26 JULIO 2026 | Pres=MIGUEL HERNÁNDEZ | T=3 M=3 CV=3
2026-07-09 22:19:26 - INFO - Sem 4: 27 DE JULIO AL 2 DE AGOSTO | Pres=JEZER ZÚNIGA | T=3 M=3 CV=3
2026-07-09 22:19:26 - INFO - Sem 5: 3 AL 9 AGOSTO | Pres=RICARDO INTERIANO | T=3 M=3 CV=3
2026-07-09 22:19:26 - INFO - Sem 6: 10 AL 16 DE AGOSTO | Pres=MARVIN ZÚNIGA | T=3 M=3 CV=4
2026-07-09 22:19:26 - INFO - Sem 7: 17 AL 23 DE AGOSTO | Pres=JORGE DANIEL VALLADARES | T=3 M=3 CV=3
2026-07-09 22:19:26 - INFO - Sem 8: 24 AL 30 DE AGOSTO | Pres=MIGUEL HERNÁNDEZ | T=3 M=3 CV=3
2026-07-09 22:19:26 - INFO - Sem 9: 31 DE AGOSTO AL 6 DE SEPTIEMBRE | Pres=NAPOLEÓN MORAZÁN | T=3 M=3 CV=3
2026-07-09 22:19:26 - INFO - Análisis completado. 9 semanas extraídas.
2026-07-09 22:19:26 - INFO - Cargando: S-140_S.docx
2026-07-09 22:19:30 - WARNING - Placeholders restantes: 308
2026-07-09 22:27:39 - INFO - Sistema de logging configurado. Archivo: /home/interiano/Projects/program_automation/meeting_generator.log
2026-07-09 22:27:39 - INFO - ============================================================
2026-07-09 22:27:39 - INFO - Meeting Generator - Iniciando aplicación
2026-07-09 22:27:39 - INFO - ============================================================
2026-07-09 22:28:01 - INFO - Documento fuente seleccionado: /home/interiano/Projects/program_automation/JULIO-AGOSTO-REVISADO 2.docx
2026-07-09 22:28:04 - INFO - Plantilla seleccionada: /home/interiano/Projects/program_automation/S-140_S.docx
2026-07-09 22:28:09 - INFO - Iniciando procesamiento del documento fuente...
2026-07-09 22:28:09 - INFO - Iniciando análisis: /home/interiano/Projects/program_automation/JULIO-AGOSTO-REVISADO 2.docx
2026-07-09 22:28:09 - INFO - Encabezados encontrados: 9 semanas
2026-07-09 22:28:09 - INFO - Tablas encontradas: 9
2026-07-09 22:28:09 - INFO - Sem 1: 6 AL 12 JULIO | Pres=GERMAN CERRATO | T=3 M=3 CV=3
2026-07-09 22:28:09 - INFO - Sem 2: 13 AL 19 JULIO | Pres=KEVIN CABRERA | T=3 M=3 CV=3
2026-07-09 22:28:09 - INFO - Sem 3: 20 al 26 JULIO 2026 | Pres=MIGUEL HERNÁNDEZ | T=3 M=3 CV=3
2026-07-09 22:28:09 - INFO - Sem 4: 27 DE JULIO AL 2 DE AGOSTO | Pres=JEZER ZÚNIGA | T=3 M=3 CV=3
2026-07-09 22:28:09 - INFO - Sem 5: 3 AL 9 AGOSTO | Pres=RICARDO INTERIANO | T=3 M=3 CV=3
2026-07-09 22:28:09 - INFO - Sem 6: 10 AL 16 DE AGOSTO | Pres=MARVIN ZÚNIGA | T=3 M=3 CV=4
2026-07-09 22:28:09 - INFO - Sem 7: 17 AL 23 DE AGOSTO | Pres=JORGE DANIEL VALLADARES | T=3 M=3 CV=3
2026-07-09 22:28:09 - INFO - Sem 8: 24 AL 30 DE AGOSTO | Pres=MIGUEL HERNÁNDEZ | T=3 M=3 CV=3
2026-07-09 22:28:09 - INFO - Sem 9: 31 DE AGOSTO AL 6 DE SEPTIEMBRE | Pres=NAPOLEÓN MORAZÁN | T=3 M=3 CV=3
2026-07-09 22:28:09 - INFO - Análisis completado. 9 semanas extraídas.
2026-07-09 22:28:09 - INFO - Rellenando plantilla con 9 semanas...
2026-07-09 22:28:09 - INFO - Cargando: /home/interiano/Projects/program_automation/S-140_S.docx
2026-07-09 22:28:12 - WARNING - Placeholders restantes: 308
2026-07-09 22:28:19 - INFO - Proceso completado exitosamente. Archivo: /home/interiano/Projects/program_automation/S-140_COMPLETADO.docx
2026-07-09 22:34:02 - INFO - Sistema de logging configurado. Archivo: /home/interiano/Projects/program_automation/meeting_generator.log
2026-07-09 22:34:02 - INFO - Iniciando análisis: JULIO-AGOSTO-REVISADO 2.docx
2026-07-09 22:34:02 - INFO - Encabezados encontrados: 9 semanas
2026-07-09 22:34:02 - INFO - Tablas encontradas: 9
2026-07-09 22:34:02 - INFO - Sem 1: 6 AL 12 JULIO | Pres=GERMAN CERRATO | T=3 M=3 CV=3
2026-07-09 22:34:02 - INFO - Sem 2: 13 AL 19 JULIO | Pres=KEVIN CABRERA | T=3 M=3 CV=3
2026-07-09 22:34:02 - INFO - Sem 3: 20 al 26 JULIO 2026 | Pres=MIGUEL HERNÁNDEZ | T=3 M=3 CV=3
2026-07-09 22:34:02 - INFO - Sem 4: 27 DE JULIO AL 2 DE AGOSTO | Pres=JEZER ZÚNIGA | T=3 M=3 CV=3
2026-07-09 22:34:02 - INFO - Sem 5: 3 AL 9 AGOSTO | Pres=RICARDO INTERIANO | T=3 M=3 CV=3
2026-07-09 22:34:02 - INFO - Sem 6: 10 AL 16 DE AGOSTO | Pres=MARVIN ZÚNIGA | T=3 M=3 CV=4
2026-07-09 22:34:02 - INFO - Sem 7: 17 AL 23 DE AGOSTO | Pres=JORGE DANIEL VALLADARES | T=3 M=3 CV=3
2026-07-09 22:34:02 - INFO - Sem 8: 24 AL 30 DE AGOSTO | Pres=MIGUEL HERNÁNDEZ | T=3 M=3 CV=3
2026-07-09 22:34:02 - INFO - Sem 9: 31 DE AGOSTO AL 6 DE SEPTIEMBRE | Pres=NAPOLEÓN MORAZÁN | T=3 M=3 CV=3
2026-07-09 22:34:02 - INFO - Análisis completado. 9 semanas extraídas.
2026-07-09 22:36:27 - INFO - Sistema de logging configurado. Archivo: /home/interiano/Projects/program_automation/meeting_generator.log
2026-07-09 22:36:27 - INFO - Iniciando análisis: JULIO-AGOSTO-REVISADO 2.docx
2026-07-09 22:36:27 - INFO - Encabezados encontrados: 9 semanas
2026-07-09 22:36:27 - INFO - Tablas encontradas: 9
2026-07-09 22:36:27 - INFO - Sem 1: 6 AL 12 JULIO | Pres=GERMAN CERRATO | T=3 M=3 CV=3
2026-07-09 22:36:27 - INFO - Sem 2: 13 AL 19 JULIO | Pres=KEVIN CABRERA | T=3 M=3 CV=3
2026-07-09 22:36:27 - INFO - Sem 3: 20 al 26 JULIO 2026 | Pres=MIGUEL HERNÁNDEZ | T=3 M=3 CV=3
2026-07-09 22:36:27 - INFO - Sem 4: 27 DE JULIO AL 2 DE AGOSTO | Pres=JEZER ZÚNIGA | T=3 M=3 CV=3
2026-07-09 22:36:27 - INFO - Sem 5: 3 AL 9 AGOSTO | Pres=RICARDO INTERIANO | T=3 M=3 CV=3
2026-07-09 22:36:27 - INFO - Sem 6: 10 AL 16 DE AGOSTO | Pres=MARVIN ZÚNIGA | T=3 M=3 CV=4
2026-07-09 22:36:27 - INFO - Sem 7: 17 AL 23 DE AGOSTO | Pres=JORGE DANIEL VALLADARES | T=3 M=3 CV=3
2026-07-09 22:36:27 - INFO - Sem 8: 24 AL 30 DE AGOSTO | Pres=MIGUEL HERNÁNDEZ | T=3 M=3 CV=3
2026-07-09 22:36:27 - INFO - Sem 9: 31 DE AGOSTO AL 6 DE SEPTIEMBRE | Pres=NAPOLEÓN MORAZÁN | T=3 M=3 CV=3
2026-07-09 22:36:27 - INFO - Análisis completado. 9 semanas extraídas.
2026-07-09 22:36:27 - INFO - Cargando: S-140_S.docx
2026-07-09 22:36:32 - INFO - Placeholders tras limpieza: 0
2026-07-09 22:36:32 - INFO - Guardado: S-140_COMPLETADO.docx
2026-07-09 22:39:32 - INFO - Sistema de logging configurado. Archivo: /home/interiano/Projects/program_automation/meeting_generator.log
2026-07-09 22:39:32 - INFO - ============================================================
2026-07-09 22:39:32 - INFO - Meeting Generator - Iniciando aplicación
2026-07-09 22:39:32 - INFO - ============================================================
2026-07-09 22:39:39 - INFO - Documento fuente seleccionado: /home/interiano/Projects/program_automation/JULIO-AGOSTO-REVISADO 2.docx
2026-07-09 22:39:43 - INFO - Plantilla seleccionada: /home/interiano/Projects/program_automation/S-140_S.docx
2026-07-09 22:39:46 - INFO - Iniciando procesamiento del documento fuente...
2026-07-09 22:39:46 - INFO - Iniciando análisis: /home/interiano/Projects/program_automation/JULIO-AGOSTO-REVISADO 2.docx
2026-07-09 22:39:46 - INFO - Encabezados encontrados: 9 semanas
2026-07-09 22:39:46 - INFO - Tablas encontradas: 9
2026-07-09 22:39:46 - INFO - Sem 1: 6 AL 12 JULIO | Pres=GERMAN CERRATO | T=3 M=3 CV=3
2026-07-09 22:39:46 - INFO - Sem 2: 13 AL 19 JULIO | Pres=KEVIN CABRERA | T=3 M=3 CV=3
2026-07-09 22:39:46 - INFO - Sem 3: 20 al 26 JULIO 2026 | Pres=MIGUEL HERNÁNDEZ | T=3 M=3 CV=3
2026-07-09 22:39:46 - INFO - Sem 4: 27 DE JULIO AL 2 DE AGOSTO | Pres=JEZER ZÚNIGA | T=3 M=3 CV=3
2026-07-09 22:39:46 - INFO - Sem 5: 3 AL 9 AGOSTO | Pres=RICARDO INTERIANO | T=3 M=3 CV=3
2026-07-09 22:39:46 - INFO - Sem 6: 10 AL 16 DE AGOSTO | Pres=MARVIN ZÚNIGA | T=3 M=3 CV=4
2026-07-09 22:39:46 - INFO - Sem 7: 17 AL 23 DE AGOSTO | Pres=JORGE DANIEL VALLADARES | T=3 M=3 CV=3
2026-07-09 22:39:46 - INFO - Sem 8: 24 AL 30 DE AGOSTO | Pres=MIGUEL HERNÁNDEZ | T=3 M=3 CV=3
2026-07-09 22:39:46 - INFO - Sem 9: 31 DE AGOSTO AL 6 DE SEPTIEMBRE | Pres=NAPOLEÓN MORAZÁN | T=3 M=3 CV=3
2026-07-09 22:39:46 - INFO - Análisis completado. 9 semanas extraídas.
2026-07-09 22:39:46 - INFO - Rellenando plantilla con 9 semanas...
2026-07-09 22:39:46 - INFO - Cargando: /home/interiano/Projects/program_automation/S-140_S.docx
2026-07-09 22:39:50 - INFO - Placeholders tras limpieza: 0
2026-07-09 22:39:50 - INFO - Guardado: /home/interiano/Projects/program_automation/S-140_COMPLETADO.docx
2026-07-09 22:39:57 - INFO - Proceso completado exitosamente. Archivo: /home/interiano/Projects/program_automation/S-140_COMPLETADO.docx
2026-07-09 22:53:05 - INFO - Sistema de logging configurado. Archivo: /home/interiano/Projects/program_automation/meeting_generator.log
2026-07-09 22:53:05 - INFO - Iniciando análisis: JULIO-AGOSTO-REVISADO 2.docx
2026-07-09 22:53:05 - INFO - Encabezados encontrados: 9 semanas
2026-07-09 22:53:05 - INFO - Tablas encontradas: 9
2026-07-09 22:53:05 - INFO - Sem 1: 6 AL 12 JULIO | Pres=GERMAN CERRATO | T=3 M=3 CV=3
2026-07-09 22:53:05 - INFO - Sem 2: 13 AL 19 JULIO | Pres=KEVIN CABRERA | T=3 M=3 CV=3
2026-07-09 22:53:05 - INFO - Sem 3: 20 al 26 JULIO 2026 | Pres=MIGUEL HERNÁNDEZ | T=3 M=3 CV=3
2026-07-09 22:53:05 - INFO - Sem 4: 27 DE JULIO AL 2 DE AGOSTO | Pres=JEZER ZÚNIGA | T=3 M=3 CV=3
2026-07-09 22:53:05 - INFO - Sem 5: 3 AL 9 AGOSTO | Pres=RICARDO INTERIANO | T=3 M=3 CV=3
2026-07-09 22:53:05 - INFO - Sem 6: 10 AL 16 DE AGOSTO | Pres=MARVIN ZÚNIGA | T=3 M=3 CV=4
2026-07-09 22:53:05 - INFO - Sem 7: 17 AL 23 DE AGOSTO | Pres=JORGE DANIEL VALLADARES | T=3 M=3 CV=3
2026-07-09 22:53:05 - INFO - Sem 8: 24 AL 30 DE AGOSTO | Pres=MIGUEL HERNÁNDEZ | T=3 M=3 CV=3
2026-07-09 22:53:05 - INFO - Sem 9: 31 DE AGOSTO AL 6 DE SEPTIEMBRE | Pres=NAPOLEÓN MORAZÁN | T=3 M=3 CV=3
2026-07-09 22:53:05 - INFO - Análisis completado. 9 semanas extraídas.
2026-07-09 22:53:05 - INFO - Cargando plantilla: S-140_S.docx
2026-07-09 22:53:05 - WARNING - Solo 7 formularios. Se usan 7 de 9 semanas.
2026-07-09 22:55:13 - INFO - Sistema de logging configurado. Archivo: /home/interiano/Projects/program_automation/meeting_generator.log
2026-07-09 22:55:13 - INFO - Iniciando análisis: JULIO-AGOSTO-REVISADO 2.docx
2026-07-09 22:55:13 - INFO - Encabezados encontrados: 9 semanas
2026-07-09 22:55:13 - INFO - Tablas encontradas: 9
2026-07-09 22:55:13 - INFO - Sem 1: 6 AL 12 JULIO | Pres=GERMAN CERRATO | T=3 M=3 CV=3
2026-07-09 22:55:13 - INFO - Sem 2: 13 AL 19 JULIO | Pres=KEVIN CABRERA | T=3 M=3 CV=3
2026-07-09 22:55:13 - INFO - Sem 3: 20 al 26 JULIO 2026 | Pres=MIGUEL HERNÁNDEZ | T=3 M=3 CV=3
2026-07-09 22:55:13 - INFO - Sem 4: 27 DE JULIO AL 2 DE AGOSTO | Pres=JEZER ZÚNIGA | T=3 M=3 CV=3
2026-07-09 22:55:13 - INFO - Sem 5: 3 AL 9 AGOSTO | Pres=RICARDO INTERIANO | T=3 M=3 CV=3
2026-07-09 22:55:13 - INFO - Sem 6: 10 AL 16 DE AGOSTO | Pres=MARVIN ZÚNIGA | T=3 M=3 CV=4
2026-07-09 22:55:13 - INFO - Sem 7: 17 AL 23 DE AGOSTO | Pres=JORGE DANIEL VALLADARES | T=3 M=3 CV=3
2026-07-09 22:55:13 - INFO - Sem 8: 24 AL 30 DE AGOSTO | Pres=MIGUEL HERNÁNDEZ | T=3 M=3 CV=3
2026-07-09 22:55:13 - INFO - Sem 9: 31 DE AGOSTO AL 6 DE SEPTIEMBRE | Pres=NAPOLEÓN MORAZÁN | T=3 M=3 CV=3
2026-07-09 22:55:13 - INFO - Análisis completado. 9 semanas extraídas.
2026-07-09 22:55:13 - INFO - Cargando plantilla: S-140_S.docx
2026-07-09 22:55:13 - WARNING - Solo 7 formularios. Se usan 7 de 9 semanas.
2026-07-09 22:55:39 - INFO - Sistema de logging configurado. Archivo: /home/interiano/Projects/program_automation/meeting_generator.log
2026-07-09 22:55:39 - INFO - Iniciando análisis: JULIO-AGOSTO-REVISADO 2.docx
2026-07-09 22:55:39 - INFO - Encabezados encontrados: 9 semanas
2026-07-09 22:55:39 - INFO - Tablas encontradas: 9
2026-07-09 22:55:39 - INFO - Sem 1: 6 AL 12 JULIO | Pres=GERMAN CERRATO | T=3 M=3 CV=3
2026-07-09 22:55:39 - INFO - Sem 2: 13 AL 19 JULIO | Pres=KEVIN CABRERA | T=3 M=3 CV=3
2026-07-09 22:55:39 - INFO - Sem 3: 20 al 26 JULIO 2026 | Pres=MIGUEL HERNÁNDEZ | T=3 M=3 CV=3
2026-07-09 22:55:39 - INFO - Sem 4: 27 DE JULIO AL 2 DE AGOSTO | Pres=JEZER ZÚNIGA | T=3 M=3 CV=3
2026-07-09 22:55:39 - INFO - Sem 5: 3 AL 9 AGOSTO | Pres=RICARDO INTERIANO | T=3 M=3 CV=3
2026-07-09 22:55:39 - INFO - Sem 6: 10 AL 16 DE AGOSTO | Pres=MARVIN ZÚNIGA | T=3 M=3 CV=4
2026-07-09 22:55:39 - INFO - Sem 7: 17 AL 23 DE AGOSTO | Pres=JORGE DANIEL VALLADARES | T=3 M=3 CV=3
2026-07-09 22:55:39 - INFO - Sem 8: 24 AL 30 DE AGOSTO | Pres=MIGUEL HERNÁNDEZ | T=3 M=3 CV=3
2026-07-09 22:55:39 - INFO - Sem 9: 31 DE AGOSTO AL 6 DE SEPTIEMBRE | Pres=NAPOLEÓN MORAZÁN | T=3 M=3 CV=3
2026-07-09 22:55:39 - INFO - Análisis completado. 9 semanas extraídas.
2026-07-09 22:55:39 - INFO - Cargando plantilla: S-140_S.docx
2026-07-09 22:55:39 - WARNING - Solo 7 formularios. Se usan 7 de 9 semanas.
2026-07-09 22:56:09 - INFO - Sistema de logging configurado. Archivo: /home/interiano/Projects/program_automation/meeting_generator.log
2026-07-09 22:56:09 - INFO - Iniciando análisis: JULIO-AGOSTO-REVISADO 2.docx
2026-07-09 22:56:09 - INFO - Encabezados encontrados: 9 semanas
2026-07-09 22:56:09 - INFO - Tablas encontradas: 9
2026-07-09 22:56:09 - INFO - Sem 1: 6 AL 12 JULIO | Pres=GERMAN CERRATO | T=3 M=3 CV=3
2026-07-09 22:56:09 - INFO - Sem 2: 13 AL 19 JULIO | Pres=KEVIN CABRERA | T=3 M=3 CV=3
2026-07-09 22:56:09 - INFO - Sem 3: 20 al 26 JULIO 2026 | Pres=MIGUEL HERNÁNDEZ | T=3 M=3 CV=3
2026-07-09 22:56:09 - INFO - Sem 4: 27 DE JULIO AL 2 DE AGOSTO | Pres=JEZER ZÚNIGA | T=3 M=3 CV=3
2026-07-09 22:56:09 - INFO - Sem 5: 3 AL 9 AGOSTO | Pres=RICARDO INTERIANO | T=3 M=3 CV=3
2026-07-09 22:56:09 - INFO - Sem 6: 10 AL 16 DE AGOSTO | Pres=MARVIN ZÚNIGA | T=3 M=3 CV=4
2026-07-09 22:56:09 - INFO - Sem 7: 17 AL 23 DE AGOSTO | Pres=JORGE DANIEL VALLADARES | T=3 M=3 CV=3
2026-07-09 22:56:09 - INFO - Sem 8: 24 AL 30 DE AGOSTO | Pres=MIGUEL HERNÁNDEZ | T=3 M=3 CV=3
2026-07-09 22:56:09 - INFO - Sem 9: 31 DE AGOSTO AL 6 DE SEPTIEMBRE | Pres=NAPOLEÓN MORAZÁN | T=3 M=3 CV=3
2026-07-09 22:56:09 - INFO - Análisis completado. 9 semanas extraídas.
2026-07-09 22:56:09 - INFO - Cargando plantilla: S-140_S.docx
2026-07-09 22:56:09 - WARNING - Solo 7 formularios. Se usan 7 de 9 semanas.
2026-07-09 22:56:15 - INFO - Placeholders tras limpieza: 0
2026-07-09 22:56:15 - INFO - Documento guardado: S-140_COMPLETADO.docx
2026-07-09 22:58:28 - INFO - Sistema de logging configurado. Archivo: /home/interiano/Projects/program_automation/meeting_generator.log
2026-07-09 22:58:28 - INFO - ============================================================
2026-07-09 22:58:28 - INFO - Meeting Generator - Iniciando aplicación
2026-07-09 22:58:28 - INFO - ============================================================
2026-07-09 22:58:46 - INFO - Documento fuente seleccionado: /home/interiano/Projects/program_automation/JULIO-AGOSTO-REVISADO 2.docx
2026-07-09 22:58:50 - INFO - Plantilla seleccionada: /home/interiano/Projects/program_automation/S-140_S.docx
2026-07-09 22:58:51 - INFO - Iniciando procesamiento del documento fuente...
2026-07-09 22:58:51 - INFO - Iniciando análisis: /home/interiano/Projects/program_automation/JULIO-AGOSTO-REVISADO 2.docx
2026-07-09 22:58:51 - INFO - Encabezados encontrados: 9 semanas
2026-07-09 22:58:51 - INFO - Tablas encontradas: 9
2026-07-09 22:58:51 - INFO - Sem 1: 6 AL 12 JULIO | Pres=GERMAN CERRATO | T=3 M=3 CV=3
2026-07-09 22:58:51 - INFO - Sem 2: 13 AL 19 JULIO | Pres=KEVIN CABRERA | T=3 M=3 CV=3
2026-07-09 22:58:51 - INFO - Sem 3: 20 al 26 JULIO 2026 | Pres=MIGUEL HERNÁNDEZ | T=3 M=3 CV=3
2026-07-09 22:58:51 - INFO - Sem 4: 27 DE JULIO AL 2 DE AGOSTO | Pres=JEZER ZÚNIGA | T=3 M=3 CV=3
2026-07-09 22:58:51 - INFO - Sem 5: 3 AL 9 AGOSTO | Pres=RICARDO INTERIANO | T=3 M=3 CV=3
2026-07-09 22:58:51 - INFO - Sem 6: 10 AL 16 DE AGOSTO | Pres=MARVIN ZÚNIGA | T=3 M=3 CV=4
2026-07-09 22:58:51 - INFO - Sem 7: 17 AL 23 DE AGOSTO | Pres=JORGE DANIEL VALLADARES | T=3 M=3 CV=3
2026-07-09 22:58:51 - INFO - Sem 8: 24 AL 30 DE AGOSTO | Pres=MIGUEL HERNÁNDEZ | T=3 M=3 CV=3
2026-07-09 22:58:51 - INFO - Sem 9: 31 DE AGOSTO AL 6 DE SEPTIEMBRE | Pres=NAPOLEÓN MORAZÁN | T=3 M=3 CV=3
2026-07-09 22:58:51 - INFO - Análisis completado. 9 semanas extraídas.
2026-07-09 22:58:51 - INFO - Rellenando plantilla con 9 semanas...
2026-07-09 22:58:51 - INFO - Cargando plantilla: /home/interiano/Projects/program_automation/S-140_S.docx
2026-07-09 22:58:51 - WARNING - Solo 7 formularios. Se usan 7 de 9 semanas.
2026-07-09 22:58:57 - INFO - Placeholders tras limpieza: 0
2026-07-09 22:58:57 - INFO - Documento guardado: /home/interiano/Projects/program_automation/S-140_COMPLETADO.docx
2026-07-09 22:59:01 - INFO - Proceso completado exitosamente. Archivo: /home/interiano/Projects/program_automation/S-140_COMPLETADO.docx
2026-07-09 23:00:22 - INFO - Sistema de logging configurado. Archivo: /home/interiano/Projects/program_automation/meeting_generator.log
2026-07-09 23:00:22 - INFO - Iniciando análisis: JULIO-AGOSTO-REVISADO 2.docx
2026-07-09 23:00:22 - INFO - Encabezados encontrados: 9 semanas
2026-07-09 23:00:22 - INFO - Tablas encontradas: 9
2026-07-09 23:00:22 - INFO - Sem 1: 6 AL 12 JULIO | Pres=GERMAN CERRATO | T=3 M=3 CV=3
2026-07-09 23:00:22 - INFO - Sem 2: 13 AL 19 JULIO | Pres=KEVIN CABRERA | T=3 M=3 CV=3
2026-07-09 23:00:22 - INFO - Sem 3: 20 al 26 JULIO 2026 | Pres=MIGUEL HERNÁNDEZ | T=3 M=3 CV=3
2026-07-09 23:00:22 - INFO - Sem 4: 27 DE JULIO AL 2 DE AGOSTO | Pres=JEZER ZÚNIGA | T=3 M=3 CV=3
2026-07-09 23:00:22 - INFO - Sem 5: 3 AL 9 AGOSTO | Pres=RICARDO INTERIANO | T=3 M=3 CV=3
2026-07-09 23:00:23 - INFO - Sem 6: 10 AL 16 DE AGOSTO | Pres=MARVIN ZÚNIGA | T=3 M=3 CV=4
2026-07-09 23:00:23 - INFO - Sem 7: 17 AL 23 DE AGOSTO | Pres=JORGE DANIEL VALLADARES | T=3 M=3 CV=3
2026-07-09 23:00:23 - INFO - Sem 8: 24 AL 30 DE AGOSTO | Pres=MIGUEL HERNÁNDEZ | T=3 M=3 CV=3
2026-07-09 23:00:23 - INFO - Sem 9: 31 DE AGOSTO AL 6 DE SEPTIEMBRE | Pres=NAPOLEÓN MORAZÁN | T=3 M=3 CV=3
2026-07-09 23:00:23 - INFO - Análisis completado. 9 semanas extraídas.
2026-07-09 23:00:23 - INFO - Cargando plantilla: S-140_S.docx
2026-07-09 23:00:23 - WARNING - Solo 7 formularios. Se usan 7 de 9 semanas.
2026-07-09 23:00:29 - INFO - Placeholders tras limpieza: 0
2026-07-09 23:00:29 - INFO - Documento guardado: S-140_COMPLETADO.docx
2026-07-09 23:14:33 - INFO - Sistema de logging configurado. Archivo: /home/interiano/Projects/program_automation/meeting_generator.log
2026-07-09 23:14:33 - INFO - Iniciando análisis: JULIO-AGOSTO-REVISADO 2.docx
2026-07-09 23:14:33 - INFO - Encabezados encontrados: 9 semanas
2026-07-09 23:14:33 - INFO - Tablas encontradas: 9
2026-07-09 23:14:33 - INFO - Sem 1: 6 AL 12 JULIO | Pres=GERMAN CERRATO | T=3 M=3 CV=3
2026-07-09 23:14:33 - INFO - Sem 2: 13 AL 19 JULIO | Pres=KEVIN CABRERA | T=3 M=3 CV=3
2026-07-09 23:14:33 - INFO - Sem 3: 20 al 26 JULIO 2026 | Pres=MIGUEL HERNÁNDEZ | T=3 M=3 CV=3
2026-07-09 23:14:33 - INFO - Sem 4: 27 DE JULIO AL 2 DE AGOSTO | Pres=JEZER ZÚNIGA | T=3 M=3 CV=3
2026-07-09 23:14:33 - INFO - Sem 5: 3 AL 9 AGOSTO | Pres=RICARDO INTERIANO | T=3 M=3 CV=3
2026-07-09 23:14:33 - WARNING - Assignment 7: texto vacío tras unir líneas.
2026-07-09 23:14:33 - INFO - Sem 6: 10 AL 16 DE AGOSTO | Pres=MARVIN ZÚNIGA | T=3 M=3 CV=4
2026-07-09 23:14:33 - INFO - Sem 7: 17 AL 23 DE AGOSTO | Pres=JORGE DANIEL VALLADARES | T=3 M=3 CV=3
2026-07-09 23:14:33 - INFO - Sem 8: 24 AL 30 DE AGOSTO | Pres=MIGUEL HERNÁNDEZ | T=3 M=3 CV=3
2026-07-09 23:14:33 - INFO - Sem 9: 31 DE AGOSTO AL 6 DE SEPTIEMBRE | Pres=NAPOLEÓN MORAZÁN | T=3 M=3 CV=3
2026-07-09 23:14:33 - INFO - Análisis completado. 9 semanas extraídas.
2026-07-09 23:15:28 - INFO - Sistema de logging configurado. Archivo: /home/interiano/Projects/program_automation/meeting_generator.log
2026-07-09 23:15:28 - INFO - Iniciando análisis: JULIO-AGOSTO-REVISADO 2.docx
2026-07-09 23:15:28 - INFO - Encabezados encontrados: 9 semanas
2026-07-09 23:15:28 - INFO - Tablas encontradas: 9
2026-07-09 23:15:28 - INFO - Sem 1: 6 AL 12 JULIO | Pres=GERMAN CERRATO | T=3 M=3 CV=3
2026-07-09 23:15:28 - INFO - Sem 2: 13 AL 19 JULIO | Pres=KEVIN CABRERA | T=3 M=3 CV=3
2026-07-09 23:15:28 - INFO - Sem 3: 20 al 26 JULIO 2026 | Pres=MIGUEL HERNÁNDEZ | T=3 M=3 CV=3
2026-07-09 23:15:28 - INFO - Sem 4: 27 DE JULIO AL 2 DE AGOSTO | Pres=JEZER ZÚNIGA | T=3 M=3 CV=3
2026-07-09 23:15:28 - INFO - Sem 5: 3 AL 9 AGOSTO | Pres=RICARDO INTERIANO | T=3 M=3 CV=3
2026-07-09 23:15:28 - INFO - Sem 6: 10 AL 16 DE AGOSTO | Pres=MARVIN ZÚNIGA | T=3 M=3 CV=4
2026-07-09 23:15:28 - INFO - Sem 7: 17 AL 23 DE AGOSTO | Pres=JORGE DANIEL VALLADARES | T=3 M=3 CV=3
2026-07-09 23:15:28 - INFO - Sem 8: 24 AL 30 DE AGOSTO | Pres=MIGUEL HERNÁNDEZ | T=3 M=3 CV=3
2026-07-09 23:15:28 - INFO - Sem 9: 31 DE AGOSTO AL 6 DE SEPTIEMBRE | Pres=NAPOLEÓN MORAZÁN | T=3 M=3 CV=3
2026-07-09 23:15:28 - INFO - Análisis completado. 9 semanas extraídas.
2026-07-09 23:15:54 - INFO - Sistema de logging configurado. Archivo: /home/interiano/Projects/program_automation/meeting_generator.log
2026-07-09 23:15:54 - INFO - Iniciando análisis: JULIO-AGOSTO-REVISADO 2.docx
2026-07-09 23:15:54 - INFO - Encabezados encontrados: 9 semanas
2026-07-09 23:15:54 - INFO - Tablas encontradas: 9
2026-07-09 23:15:54 - INFO - Sem 1: 6 AL 12 JULIO | Pres=GERMAN CERRATO | T=3 M=3 CV=3
2026-07-09 23:15:54 - INFO - Sem 2: 13 AL 19 JULIO | Pres=KEVIN CABRERA | T=3 M=3 CV=3
2026-07-09 23:15:54 - INFO - Sem 3: 20 al 26 JULIO 2026 | Pres=MIGUEL HERNÁNDEZ | T=3 M=3 CV=3
2026-07-09 23:15:54 - INFO - Sem 4: 27 DE JULIO AL 2 DE AGOSTO | Pres=JEZER ZÚNIGA | T=3 M=3 CV=3
2026-07-09 23:15:54 - INFO - Sem 5: 3 AL 9 AGOSTO | Pres=RICARDO INTERIANO | T=3 M=3 CV=3
2026-07-09 23:15:54 - INFO - Sem 6: 10 AL 16 DE AGOSTO | Pres=MARVIN ZÚNIGA | T=3 M=3 CV=4
2026-07-09 23:15:54 - INFO - Sem 7: 17 AL 23 DE AGOSTO | Pres=JORGE DANIEL VALLADARES | T=3 M=3 CV=3
2026-07-09 23:15:54 - INFO - Sem 8: 24 AL 30 DE AGOSTO | Pres=MIGUEL HERNÁNDEZ | T=3 M=3 CV=3
2026-07-09 23:15:54 - INFO - Sem 9: 31 DE AGOSTO AL 6 DE SEPTIEMBRE | Pres=NAPOLEÓN MORAZÁN | T=3 M=3 CV=3
2026-07-09 23:15:54 - INFO - Análisis completado. 9 semanas extraídas.
2026-07-09 23:15:54 - INFO - Cargando plantilla: S-140_S.docx
2026-07-09 23:15:54 - WARNING - Solo 7 formularios. Se usan 7 de 9 semanas.
2026-07-09 23:16:00 - INFO - Placeholders tras limpieza: 0
2026-07-09 23:16:00 - INFO - Documento guardado: S-140_COMPLETADO.docx
2026-07-09 23:17:30 - INFO - Sistema de logging configurado. Archivo: /home/interiano/Projects/program_automation/meeting_generator.log
2026-07-09 23:17:30 - INFO - ============================================================
2026-07-09 23:17:30 - INFO - Meeting Generator - Iniciando aplicación
2026-07-09 23:17:30 - INFO - ============================================================
2026-07-09 23:17:53 - INFO - Documento fuente seleccionado: /home/interiano/Projects/program_automation/JULIO-AGOSTO-REVISADO 2.docx
2026-07-09 23:17:56 - INFO - Plantilla seleccionada: /home/interiano/Projects/program_automation/S-140_S.docx
2026-07-09 23:17:59 - INFO - Iniciando procesamiento del documento fuente...
2026-07-09 23:17:59 - INFO - Iniciando análisis: /home/interiano/Projects/program_automation/JULIO-AGOSTO-REVISADO 2.docx
2026-07-09 23:17:59 - INFO - Encabezados encontrados: 9 semanas
2026-07-09 23:17:59 - INFO - Tablas encontradas: 9
2026-07-09 23:17:59 - INFO - Sem 1: 6 AL 12 JULIO | Pres=GERMAN CERRATO | T=3 M=3 CV=3
2026-07-09 23:17:59 - INFO - Sem 2: 13 AL 19 JULIO | Pres=KEVIN CABRERA | T=3 M=3 CV=3
2026-07-09 23:17:59 - INFO - Sem 3: 20 al 26 JULIO 2026 | Pres=MIGUEL HERNÁNDEZ | T=3 M=3 CV=3
2026-07-09 23:17:59 - INFO - Sem 4: 27 DE JULIO AL 2 DE AGOSTO | Pres=JEZER ZÚNIGA | T=3 M=3 CV=3
2026-07-09 23:17:59 - INFO - Sem 5: 3 AL 9 AGOSTO | Pres=RICARDO INTERIANO | T=3 M=3 CV=3
2026-07-09 23:17:59 - INFO - Sem 6: 10 AL 16 DE AGOSTO | Pres=MARVIN ZÚNIGA | T=3 M=3 CV=4
2026-07-09 23:17:59 - INFO - Sem 7: 17 AL 23 DE AGOSTO | Pres=JORGE DANIEL VALLADARES | T=3 M=3 CV=3
2026-07-09 23:17:59 - INFO - Sem 8: 24 AL 30 DE AGOSTO | Pres=MIGUEL HERNÁNDEZ | T=3 M=3 CV=3
2026-07-09 23:17:59 - INFO - Sem 9: 31 DE AGOSTO AL 6 DE SEPTIEMBRE | Pres=NAPOLEÓN MORAZÁN | T=3 M=3 CV=3
2026-07-09 23:17:59 - INFO - Análisis completado. 9 semanas extraídas.
2026-07-09 23:17:59 - INFO - Rellenando plantilla con 9 semanas...
2026-07-09 23:17:59 - INFO - Cargando plantilla: /home/interiano/Projects/program_automation/S-140_S.docx
2026-07-09 23:18:00 - WARNING - Solo 7 formularios. Se usan 7 de 9 semanas.
2026-07-09 23:18:05 - INFO - Placeholders tras limpieza: 0
2026-07-09 23:18:05 - INFO - Documento guardado: /home/interiano/Projects/program_automation/S-140_COMPLETADO.docx
2026-07-09 23:18:10 - INFO - Proceso completado exitosamente. Archivo: /home/interiano/Projects/program_automation/S-140_COMPLETADO.docx
2026-07-09 23:48:18 - INFO - Sistema de logging configurado. Archivo: /home/interiano/Projects/program_automation/meeting_generator.log
2026-07-09 23:48:18 - INFO - ============================================================
2026-07-09 23:48:18 - INFO - Meeting Generator - Iniciando aplicación
2026-07-09 23:48:18 - INFO - ============================================================
2026-07-09 23:48:32 - INFO - Documento fuente seleccionado: /home/interiano/Projects/program_automation/JULIO-AGOSTO-REVISADO 2.docx
2026-07-09 23:48:35 - INFO - Plantilla seleccionada: /home/interiano/Projects/program_automation/S-140_S.docx
2026-07-09 23:48:37 - INFO - Iniciando procesamiento del documento fuente...
2026-07-09 23:48:37 - INFO - Iniciando análisis: /home/interiano/Projects/program_automation/JULIO-AGOSTO-REVISADO 2.docx
2026-07-09 23:48:37 - INFO - Encabezados encontrados: 9 semanas
2026-07-09 23:48:37 - INFO - Tablas encontradas: 9
2026-07-09 23:48:37 - INFO - Sem 1: 6 AL 12 JULIO | Pres=GERMAN CERRATO | T=3 M=3 CV=3
2026-07-09 23:48:37 - INFO - Sem 2: 13 AL 19 JULIO | Pres=KEVIN CABRERA | T=3 M=3 CV=3
2026-07-09 23:48:37 - INFO - Sem 3: 20 al 26 JULIO 2026 | Pres=MIGUEL HERNÁNDEZ | T=3 M=3 CV=3
2026-07-09 23:48:37 - INFO - Sem 4: 27 DE JULIO AL 2 DE AGOSTO | Pres=JEZER ZÚNIGA | T=3 M=3 CV=3
2026-07-09 23:48:37 - INFO - Sem 5: 3 AL 9 AGOSTO | Pres=RICARDO INTERIANO | T=3 M=3 CV=3
2026-07-09 23:48:37 - INFO - Sem 6: 10 AL 16 DE AGOSTO | Pres=MARVIN ZÚNIGA | T=3 M=3 CV=4
2026-07-09 23:48:37 - INFO - Sem 7: 17 AL 23 DE AGOSTO | Pres=JORGE DANIEL VALLADARES | T=3 M=3 CV=3
2026-07-09 23:48:37 - INFO - Sem 8: 24 AL 30 DE AGOSTO | Pres=MIGUEL HERNÁNDEZ | T=3 M=3 CV=3
2026-07-09 23:48:37 - INFO - Sem 9: 31 DE AGOSTO AL 6 DE SEPTIEMBRE | Pres=NAPOLEÓN MORAZÁN | T=3 M=3 CV=3
2026-07-09 23:48:37 - INFO - Análisis completado. 9 semanas extraídas.
2026-07-09 23:48:37 - INFO - Rellenando plantilla con 9 semanas...
2026-07-09 23:48:37 - INFO - Cargando plantilla: /home/interiano/Projects/program_automation/S-140_S.docx
2026-07-09 23:48:37 - WARNING - Solo 7 formularios. Se usan 7 de 9 semanas.
2026-07-09 23:48:45 - INFO - Placeholders tras limpieza: 0
2026-07-09 23:48:45 - INFO - Documento guardado: /home/interiano/Projects/program_automation/S-140_COMPLETADO.docx
2026-07-09 23:48:49 - INFO - Proceso completado exitosamente. Archivo: /home/interiano/Projects/program_automation/S-140_COMPLETADO.docx
2026-07-09 23:55:37 - INFO - Sistema de logging configurado. Archivo: /home/interiano/Projects/program_automation/meeting_generator.log
2026-07-09 23:55:37 - INFO - ============================================================
2026-07-09 23:55:37 - INFO - Meeting Generator - Iniciando aplicación
2026-07-09 23:55:37 - INFO - ============================================================
2026-07-09 23:55:56 - INFO - Documento fuente seleccionado: /home/interiano/Projects/program_automation/JULIO-AGOSTO-REVISADO 2.docx
2026-07-09 23:56:00 - INFO - Plantilla seleccionada: /home/interiano/Projects/program_automation/S-140_S.docx
2026-07-09 23:56:01 - INFO - Iniciando procesamiento del documento fuente...
2026-07-09 23:56:01 - INFO - Iniciando análisis: /home/interiano/Projects/program_automation/JULIO-AGOSTO-REVISADO 2.docx
2026-07-09 23:56:01 - INFO - Encabezados encontrados: 9 semanas
2026-07-09 23:56:01 - INFO - Tablas encontradas: 9
2026-07-09 23:56:01 - INFO - Sem 1: 6 AL 12 JULIO | Pres=GERMAN CERRATO | T=3 M=3 CV=3
2026-07-09 23:56:01 - INFO - Sem 2: 13 AL 19 JULIO | Pres=KEVIN CABRERA | T=3 M=3 CV=3
2026-07-09 23:56:01 - INFO - Sem 3: 20 al 26 JULIO 2026 | Pres=MIGUEL HERNÁNDEZ | T=3 M=3 CV=3
2026-07-09 23:56:01 - INFO - Sem 4: 27 DE JULIO AL 2 DE AGOSTO | Pres=JEZER ZÚNIGA | T=3 M=3 CV=3
2026-07-09 23:56:01 - INFO - Sem 5: 3 AL 9 AGOSTO | Pres=RICARDO INTERIANO | T=3 M=3 CV=3
2026-07-09 23:56:01 - INFO - Sem 6: 10 AL 16 DE AGOSTO | Pres=MARVIN ZÚNIGA | T=3 M=3 CV=4
2026-07-09 23:56:01 - INFO - Sem 7: 17 AL 23 DE AGOSTO | Pres=JORGE DANIEL VALLADARES | T=3 M=3 CV=3
2026-07-09 23:56:01 - INFO - Sem 8: 24 AL 30 DE AGOSTO | Pres=MIGUEL HERNÁNDEZ | T=3 M=3 CV=3
2026-07-09 23:56:01 - INFO - Sem 9: 31 DE AGOSTO AL 6 DE SEPTIEMBRE | Pres=NAPOLEÓN MORAZÁN | T=3 M=3 CV=3
2026-07-09 23:56:01 - INFO - Análisis completado. 9 semanas extraídas.
2026-07-09 23:56:01 - INFO - Rellenando plantilla con 9 semanas...
2026-07-09 23:56:01 - INFO - Cargando plantilla: /home/interiano/Projects/program_automation/S-140_S.docx
2026-07-09 23:56:01 - WARNING - Solo 7 formularios. Se usan 7 de 9 semanas.
2026-07-09 23:56:08 - INFO - Placeholders tras limpieza: 0
2026-07-09 23:56:08 - INFO - Documento guardado: /home/interiano/Projects/program_automation/S-140_COMPLETADO.docx
2026-07-09 23:56:09 - INFO - Proceso completado exitosamente. Archivo: /home/interiano/Projects/program_automation/S-140_COMPLETADO.docx
2026-07-10 00:11:02 - INFO - Sistema de logging configurado. Archivo: /home/interiano/Projects/program_automation/meeting_generator.log
2026-07-10 00:11:02 - INFO - ============================================================
2026-07-10 00:11:02 - INFO - Meeting Generator - Iniciando aplicación
2026-07-10 00:11:02 - INFO - ============================================================
2026-07-10 00:11:07 - INFO - Documento fuente seleccionado: /home/interiano/Projects/program_automation/JULIO-AGOSTO-REVISADO 2.docx
2026-07-10 00:11:11 - INFO - Plantilla seleccionada: /home/interiano/Projects/program_automation/S-140_S.docx
2026-07-10 00:11:12 - INFO - Iniciando procesamiento del documento fuente...
2026-07-10 00:11:12 - INFO - Iniciando análisis: /home/interiano/Projects/program_automation/JULIO-AGOSTO-REVISADO 2.docx
2026-07-10 00:11:12 - INFO - Encabezados encontrados: 9 semanas
2026-07-10 00:11:12 - INFO - Tablas encontradas: 9
2026-07-10 00:11:12 - INFO - Sem 1: 6 AL 12 JULIO | Pres=GERMAN CERRATO | T=3 M=3 CV=3
2026-07-10 00:11:12 - INFO - Sem 2: 13 AL 19 JULIO | Pres=KEVIN CABRERA | T=3 M=3 CV=3
2026-07-10 00:11:12 - INFO - Sem 3: 20 al 26 JULIO 2026 | Pres=MIGUEL HERNÁNDEZ | T=3 M=3 CV=3
2026-07-10 00:11:12 - INFO - Sem 4: 27 DE JULIO AL 2 DE AGOSTO | Pres=JEZER ZÚNIGA | T=3 M=3 CV=3
2026-07-10 00:11:12 - INFO - Sem 5: 3 AL 9 AGOSTO | Pres=RICARDO INTERIANO | T=3 M=3 CV=3
2026-07-10 00:11:12 - INFO - Sem 6: 10 AL 16 DE AGOSTO | Pres=MARVIN ZÚNIGA | T=3 M=3 CV=4
2026-07-10 00:11:12 - INFO - Sem 7: 17 AL 23 DE AGOSTO | Pres=JORGE DANIEL VALLADARES | T=3 M=3 CV=3
2026-07-10 00:11:12 - INFO - Sem 8: 24 AL 30 DE AGOSTO | Pres=MIGUEL HERNÁNDEZ | T=3 M=3 CV=3
2026-07-10 00:11:12 - INFO - Sem 9: 31 DE AGOSTO AL 6 DE SEPTIEMBRE | Pres=NAPOLEÓN MORAZÁN | T=3 M=3 CV=3
2026-07-10 00:11:12 - INFO - Análisis completado. 9 semanas extraídas.
2026-07-10 00:11:12 - INFO - Rellenando plantilla con 9 semanas...
2026-07-10 00:11:12 - INFO - Cargando plantilla: /home/interiano/Projects/program_automation/S-140_S.docx
2026-07-10 00:11:12 - WARNING - Solo 7 formularios. Se usan 7 de 9 semanas.
2026-07-10 00:11:19 - INFO - Placeholders tras limpieza: 0
2026-07-10 00:11:19 - INFO - Documento guardado: /home/interiano/Projects/program_automation/S-140_COMPLETADO.docx
2026-07-10 00:11:22 - INFO - Proceso completado exitosamente. Archivo: /home/interiano/Projects/program_automation/S-140_COMPLETADO.docx
2026-07-10 00:24:20 - INFO - Sistema de logging configurado. Archivo: /home/interiano/Projects/program_automation/meeting_generator.log
2026-07-10 00:24:20 - INFO - ============================================================
2026-07-10 00:24:20 - INFO - Meeting Generator - Iniciando aplicación
2026-07-10 00:24:20 - INFO - ============================================================
2026-07-10 00:24:26 - INFO - Documento fuente seleccionado: /home/interiano/Projects/program_automation/JULIO-AGOSTO-REVISADO 2.docx
2026-07-10 00:24:30 - INFO - Plantilla seleccionada: /home/interiano/Projects/program_automation/S-140_S.docx
2026-07-10 00:24:31 - INFO - Iniciando procesamiento del documento fuente...
2026-07-10 00:24:31 - INFO - Iniciando análisis: /home/interiano/Projects/program_automation/JULIO-AGOSTO-REVISADO 2.docx
2026-07-10 00:24:31 - INFO - Encabezados encontrados: 9 semanas
2026-07-10 00:24:31 - INFO - Tablas encontradas: 9
2026-07-10 00:24:31 - INFO - Sem 1: 6 AL 12 JULIO | Pres=GERMAN CERRATO | T=3 M=3 CV=3
2026-07-10 00:24:31 - INFO - Sem 2: 13 AL 19 JULIO | Pres=KEVIN CABRERA | T=3 M=3 CV=3
2026-07-10 00:24:31 - INFO - Sem 3: 20 al 26 JULIO 2026 | Pres=MIGUEL HERNÁNDEZ | T=3 M=3 CV=3
2026-07-10 00:24:31 - INFO - Sem 4: 27 DE JULIO AL 2 DE AGOSTO | Pres=JEZER ZÚNIGA | T=3 M=3 CV=3
2026-07-10 00:24:31 - INFO - Sem 5: 3 AL 9 AGOSTO | Pres=RICARDO INTERIANO | T=3 M=3 CV=3
2026-07-10 00:24:31 - INFO - Sem 6: 10 AL 16 DE AGOSTO | Pres=MARVIN ZÚNIGA | T=3 M=3 CV=4
2026-07-10 00:24:31 - INFO - Sem 7: 17 AL 23 DE AGOSTO | Pres=JORGE DANIEL VALLADARES | T=3 M=3 CV=3
2026-07-10 00:24:31 - INFO - Sem 8: 24 AL 30 DE AGOSTO | Pres=MIGUEL HERNÁNDEZ | T=3 M=3 CV=3
2026-07-10 00:24:31 - INFO - Sem 9: 31 DE AGOSTO AL 6 DE SEPTIEMBRE | Pres=NAPOLEÓN MORAZÁN | T=3 M=3 CV=3
2026-07-10 00:24:31 - INFO - Análisis completado. 9 semanas extraídas.
2026-07-10 00:24:31 - INFO - Rellenando plantilla con 9 semanas...
2026-07-10 00:24:31 - INFO - Cargando plantilla: /home/interiano/Projects/program_automation/S-140_S.docx
2026-07-10 00:24:31 - WARNING - Solo 7 formularios. Se usan 7 de 9 semanas.
2026-07-10 00:24:32 - INFO - Tabla 1: semanas índice 0 a 3
2026-07-10 00:24:32 - INFO - Tabla 2: semanas índice 4 a 5
2026-07-10 00:24:32 - INFO - Tabla 3: semanas índice 6 a 6
2026-07-10 00:24:38 - INFO - Placeholders tras limpieza: 0
2026-07-10 00:24:38 - INFO - Documento guardado: /home/interiano/Projects/program_automation/S-140_COMPLETADO.docx
2026-07-10 00:24:40 - INFO - Proceso completado exitosamente. Archivo: /home/interiano/Projects/program_automation/S-140_COMPLETADO.docx
2026-07-10 00:31:39 - INFO - Sistema de logging configurado. Archivo: /home/interiano/Projects/program_automation/meeting_generator.log
2026-07-10 00:31:39 - INFO - ============================================================
2026-07-10 00:31:39 - INFO - Meeting Generator - Iniciando aplicación
2026-07-10 00:31:39 - INFO - ============================================================
2026-07-10 00:31:45 - INFO - Documento fuente seleccionado: /home/interiano/Projects/program_automation/JULIO-AGOSTO-REVISADO 2.docx
2026-07-10 00:31:49 - INFO - Plantilla seleccionada: /home/interiano/Projects/program_automation/S-140_S.docx
2026-07-10 00:31:50 - INFO - Iniciando procesamiento del documento fuente...
2026-07-10 00:31:50 - INFO - Iniciando análisis: /home/interiano/Projects/program_automation/JULIO-AGOSTO-REVISADO 2.docx
2026-07-10 00:31:50 - INFO - Encabezados encontrados: 9 semanas
2026-07-10 00:31:50 - INFO - Tablas encontradas: 9
2026-07-10 00:31:50 - INFO - Sem 1: 6 AL 12 JULIO | Pres=GERMAN CERRATO | T=3 M=3 CV=3
2026-07-10 00:31:50 - INFO - Sem 2: 13 AL 19 JULIO | Pres=KEVIN CABRERA | T=3 M=3 CV=3
2026-07-10 00:31:50 - INFO - Sem 3: 20 al 26 JULIO 2026 | Pres=MIGUEL HERNÁNDEZ | T=3 M=3 CV=3
2026-07-10 00:31:50 - INFO - Sem 4: 27 DE JULIO AL 2 DE AGOSTO | Pres=JEZER ZÚNIGA | T=3 M=3 CV=3
2026-07-10 00:31:50 - INFO - Sem 5: 3 AL 9 AGOSTO | Pres=RICARDO INTERIANO | T=3 M=3 CV=3
2026-07-10 00:31:50 - INFO - Sem 6: 10 AL 16 DE AGOSTO | Pres=MARVIN ZÚNIGA | T=3 M=3 CV=4
2026-07-10 00:31:50 - INFO - Sem 7: 17 AL 23 DE AGOSTO | Pres=JORGE DANIEL VALLADARES | T=3 M=3 CV=3
2026-07-10 00:31:50 - INFO - Sem 8: 24 AL 30 DE AGOSTO | Pres=MIGUEL HERNÁNDEZ | T=3 M=3 CV=3
2026-07-10 00:31:50 - INFO - Sem 9: 31 DE AGOSTO AL 6 DE SEPTIEMBRE | Pres=NAPOLEÓN MORAZÁN | T=3 M=3 CV=3
2026-07-10 00:31:50 - INFO - Análisis completado. 9 semanas extraídas.
2026-07-10 00:31:50 - INFO - Rellenando plantilla con 9 semanas...
2026-07-10 00:31:50 - INFO - Cargando plantilla: /home/interiano/Projects/program_automation/S-140_S.docx
2026-07-10 00:31:51 - INFO - Capacidad detectada en la plantilla: 9 formularios.
2026-07-10 00:31:51 - INFO - Tabla 1: semanas índice 0 a 3
2026-07-10 00:31:52 - INFO - Tabla 2: semanas índice 4 a 5
2026-07-10 00:31:52 - INFO - Tabla 3: semanas índice 6 a 7
2026-07-10 00:31:52 - INFO - Tabla 4: semanas índice 8 a 8
2026-07-10 00:31:58 - INFO - Placeholders tras limpieza: 0
2026-07-10 00:31:58 - INFO - Documento guardado: /home/interiano/Projects/program_automation/S-140_COMPLETADO.docx
2026-07-10 00:31:59 - INFO - Proceso completado exitosamente. Archivo: /home/interiano/Projects/program_automation/S-140_COMPLETADO.docx
2026-08-05 18:45:45 - INFO - Sistema de logging configurado. Archivo: /home/interiano/Projects/program_automation/meeting_generator.log
2026-08-05 18:45:45 - INFO - ============================================================
2026-08-05 18:45:45 - INFO - Meeting Generator - Iniciando aplicación
2026-08-05 18:45:45 - INFO - ============================================================
2026-08-05 19:09:24 - INFO - Sistema de logging configurado. Archivo: /home/interiano/Projects/program_automation/meeting_generator.log
2026-08-05 19:09:24 - INFO - ============================================================
2026-08-05 19:09:24 - INFO - Meeting Generator - Iniciando aplicación
2026-08-05 19:09:24 - INFO - ============================================================
2026-08-05 19:09:53 - INFO - Documento fuente seleccionado: /home/interiano/Projects/program_automation/SEPTIEMBRE-NOVIEMBRE.docx
2026-08-05 19:09:59 - INFO - Plantilla seleccionada: /home/interiano/Projects/program_automation/S-140_S.docx
2026-08-05 19:10:04 - INFO - Iniciando procesamiento del documento fuente...
2026-08-05 19:10:04 - INFO - Iniciando análisis: /home/interiano/Projects/program_automation/SEPTIEMBRE-NOVIEMBRE.docx
2026-08-05 19:10:04 - INFO - Encabezados encontrados: 8 semanas
2026-08-05 19:10:04 - INFO - Tablas encontradas: 8
2026-08-05 19:10:04 - INFO - Sem 1: 7 AL 13 DE SEPTIEMBRE | Pres=MARVIN ZÚNIGA | T=3 M=2 CV=3
2026-08-05 19:10:04 - INFO - Sem 2: 14 AL 20 DE SEPTIEBRE | Pres=RICARDO INTERIANO | T=3 M=4 CV=4
2026-08-05 19:10:04 - INFO - Sem 3: 21 al 27 DE SEPTIEMBRE | Pres= | T=3 M=3 CV=3
2026-08-05 19:10:04 - INFO - Sem 4: 28 DE SEPTIEMBRE AL 4 DE OCTUBRE | Pres=GERMAN CERRATO | T=3 M=3 CV=3
2026-08-05 19:10:04 - INFO - Sem 5: 5 AL 11 DE OCTUBRE | Pres=NAPOLEÓN MORAZÁN | T=3 M=4 CV=2
2026-08-05 19:10:04 - INFO - Sem 6: 12 AL 18 DE OCTUBRE | Pres=JORGE DANIEL VALLADARES | T=3 M=3 CV=2
2026-08-05 19:10:04 - INFO - Sem 7: 19 AL 25 DE OCTUBRE | Pres=RICARDO INTERIANO | T=3 M=4 CV=3
2026-08-05 19:10:04 - INFO - Sem 8: 26 DE OCTUBRE AL 1 DE NOVIEMBRE | Pres=GERMAN CERRATO | T=3 M=3 CV=3
2026-08-05 19:10:04 - INFO - Análisis completado. 8 semanas extraídas.
2026-08-05 19:10:04 - INFO - Rellenando plantilla con 8 semanas...
2026-08-05 19:10:04 - INFO - Cargando plantilla: /home/interiano/Projects/program_automation/S-140_S.docx
2026-08-05 19:10:04 - INFO - Capacidad detectada en la plantilla: 9 formularios.
2026-08-05 19:10:05 - ERROR - Error en la generación: '>=' not supported between instances of 'RowDescriptor' and 'int'
Traceback (most recent call last):
  File "/home/interiano/Projects/program_automation/meeting_generator/main.py", line 262, in _generate_document
    generated_path = fill_template(
  File "/home/interiano/Projects/program_automation/meeting_generator/template_writer.py", line 872, in fill_template
    return writer.fill(weeks, output_path)
  File "/home/interiano/Projects/program_automation/meeting_generator/template_writer.py", line 104, in fill
    consumed = self._process_table(table, weeks_to_fill, week_offset, table_index)
  File "/home/interiano/Projects/program_automation/meeting_generator/template_writer.py", line 142, in _process_table
    self._process_one_copy(table, start_row, end_row, weeks[week_index])
  File "/home/interiano/Projects/program_automation/meeting_generator/template_writer.py", line 196, in _process_one_copy
    self._clear_row(table, structure["bible_study_row"])
  File "/home/interiano/Projects/program_automation/meeting_generator/template_writer.py", line 729, in _clear_row
    if row_idx >= len(table.rows):
TypeError: '>=' not supported between instances of 'RowDescriptor' and 'int'
2026-08-05 19:13:39 - INFO - Sistema de logging configurado. Archivo: /home/interiano/Projects/program_automation/meeting_generator.log
2026-08-05 19:13:39 - INFO - ============================================================
2026-08-05 19:13:39 - INFO - Meeting Generator - Iniciando aplicación
2026-08-05 19:13:39 - INFO - ============================================================
2026-08-05 19:13:45 - INFO - Documento fuente seleccionado: /home/interiano/Projects/program_automation/SEPTIEMBRE-NOVIEMBRE.docx
2026-08-05 19:13:49 - INFO - Plantilla seleccionada: /home/interiano/Projects/program_automation/S-140_S.docx
2026-08-05 19:13:51 - INFO - Iniciando procesamiento del documento fuente...
2026-08-05 19:13:51 - INFO - Iniciando análisis: /home/interiano/Projects/program_automation/SEPTIEMBRE-NOVIEMBRE.docx
2026-08-05 19:13:51 - INFO - Encabezados encontrados: 8 semanas
2026-08-05 19:13:51 - INFO - Tablas encontradas: 8
2026-08-05 19:13:51 - INFO - Sem 1: 7 AL 13 DE SEPTIEMBRE | Pres=MARVIN ZÚNIGA | T=3 M=2 CV=3
2026-08-05 19:13:51 - INFO - Sem 2: 14 AL 20 DE SEPTIEBRE | Pres=RICARDO INTERIANO | T=3 M=4 CV=4
2026-08-05 19:13:51 - INFO - Sem 3: 21 al 27 DE SEPTIEMBRE | Pres=JEZER ZÚNIGA | T=3 M=3 CV=3
2026-08-05 19:13:51 - INFO - Sem 4: 28 DE SEPTIEMBRE AL 4 DE OCTUBRE | Pres=GERMAN CERRATO | T=3 M=3 CV=3
2026-08-05 19:13:51 - INFO - Semana 5: número 8 inferido para 'Jehová protege a la viudas'.
2026-08-05 19:13:51 - INFO - Sem 5: 5 AL 11 DE OCTUBRE | Pres=NAPOLEÓN MORAZÁN | T=3 M=4 CV=3
2026-08-05 19:13:51 - INFO - Semana 6: número 8 inferido para 'Necesidades de la congregación'.
2026-08-05 19:13:51 - INFO - Sem 6: 12 AL 18 DE OCTUBRE | Pres=JORGE DANIEL VALLADARES | T=3 M=3 CV=3
2026-08-05 19:13:51 - INFO - Semana 7, punto 7: duración de discurso inferida en 5 minutos.
2026-08-05 19:13:51 - INFO - Sem 7: 19 AL 25 DE OCTUBRE | Pres=RICARDO INTERIANO | T=3 M=4 CV=3
2026-08-05 19:13:51 - INFO - Sem 8: 26 DE OCTUBRE AL 1 DE NOVIEMBRE | Pres=GERMAN CERRATO | T=3 M=3 CV=3
2026-08-05 19:13:51 - INFO - Análisis completado. 8 semanas extraídas.
2026-08-05 19:13:51 - INFO - Rellenando plantilla con 8 semanas...
2026-08-05 19:13:51 - INFO - Cargando plantilla: /home/interiano/Projects/program_automation/S-140_S.docx
2026-08-05 19:13:51 - INFO - Capacidad detectada en la plantilla: 9 formularios.
2026-08-05 19:13:52 - INFO - Tabla 1: semanas índice 0 a 3
2026-08-05 19:13:53 - INFO - Tabla 2: semanas índice 4 a 5
2026-08-05 19:13:53 - INFO - Tabla 3: semanas índice 6 a 7
2026-08-05 19:13:59 - INFO - Placeholders tras limpieza: 0
2026-08-05 19:13:59 - INFO - Documento guardado: /home/interiano/Projects/program_automation/S-140_COMPLETADO.docx
2026-08-05 19:14:04 - INFO - Proceso completado exitosamente. Archivo: /home/interiano/Projects/program_automation/S-140_COMPLETADO.docx
2026-08-05 19:14:42 - INFO - Iniciando procesamiento del documento fuente...
2026-08-05 19:14:42 - INFO - Iniciando análisis: /home/interiano/Projects/program_automation/SEPTIEMBRE-NOVIEMBRE.docx
2026-08-05 19:14:42 - INFO - Encabezados encontrados: 8 semanas
2026-08-05 19:14:42 - INFO - Tablas encontradas: 8
2026-08-05 19:14:42 - INFO - Sem 1: 7 AL 13 DE SEPTIEMBRE | Pres=MARVIN ZÚNIGA | T=3 M=2 CV=3
2026-08-05 19:14:42 - INFO - Sem 2: 14 AL 20 DE SEPTIEBRE | Pres=RICARDO INTERIANO | T=3 M=4 CV=4
2026-08-05 19:14:42 - INFO - Sem 3: 21 al 27 DE SEPTIEMBRE | Pres=JEZER ZÚNIGA | T=3 M=3 CV=3
2026-08-05 19:14:42 - INFO - Sem 4: 28 DE SEPTIEMBRE AL 4 DE OCTUBRE | Pres=GERMAN CERRATO | T=3 M=3 CV=3
2026-08-05 19:14:42 - INFO - Semana 5: número 8 inferido para 'Jehová protege a la viudas'.
2026-08-05 19:14:42 - INFO - Sem 5: 5 AL 11 DE OCTUBRE | Pres=NAPOLEÓN MORAZÁN | T=3 M=4 CV=3
2026-08-05 19:14:42 - INFO - Semana 6: número 8 inferido para 'Necesidades de la congregación'.
2026-08-05 19:14:42 - INFO - Sem 6: 12 AL 18 DE OCTUBRE | Pres=JORGE DANIEL VALLADARES | T=3 M=3 CV=3
2026-08-05 19:14:42 - INFO - Semana 7, punto 7: duración de discurso inferida en 5 minutos.
2026-08-05 19:14:42 - INFO - Sem 7: 19 AL 25 DE OCTUBRE | Pres=RICARDO INTERIANO | T=3 M=4 CV=3
2026-08-05 19:14:42 - INFO - Sem 8: 26 DE OCTUBRE AL 1 DE NOVIEMBRE | Pres=GERMAN CERRATO | T=3 M=3 CV=3
2026-08-05 19:14:42 - INFO - Análisis completado. 8 semanas extraídas.
2026-08-05 19:14:42 - INFO - Rellenando plantilla con 8 semanas...
2026-08-05 19:14:42 - INFO - Cargando plantilla: /home/interiano/Projects/program_automation/S-140_S.docx
2026-08-05 19:14:42 - INFO - Capacidad detectada en la plantilla: 9 formularios.
2026-08-05 19:14:43 - INFO - Tabla 1: semanas índice 0 a 3
2026-08-05 19:14:43 - INFO - Tabla 2: semanas índice 4 a 5
2026-08-05 19:14:44 - INFO - Tabla 3: semanas índice 6 a 7
2026-08-05 19:14:49 - INFO - Placeholders tras limpieza: 0
2026-08-05 19:14:49 - INFO - Documento guardado: /home/interiano/Projects/program_automation/S-140_COMPLETADO.docx
2026-08-05 19:14:51 - INFO - Proceso completado exitosamente. Archivo: /home/interiano/Projects/program_automation/S-140_COMPLETADO.docx
2026-08-05 19:27:41 - INFO - Sistema de logging configurado. Archivo: /home/interiano/Projects/program_automation/meeting_generator.log
2026-08-05 19:27:41 - INFO - ============================================================
2026-08-05 19:27:41 - INFO - Meeting Generator - Iniciando aplicación
2026-08-05 19:27:41 - INFO - ============================================================
2026-08-05 19:54:57 - INFO - Sistema de logging configurado. Archivo: /home/interiano/Projects/program_automation/meeting_generator.log
2026-08-05 19:54:57 - INFO - ============================================================
2026-08-05 19:54:57 - INFO - Meeting Generator - Iniciando aplicación
2026-08-05 19:54:57 - INFO - ============================================================
2026-08-05 19:55:06 - INFO - Documento fuente seleccionado: /home/interiano/Projects/program_automation/SEPTIEMBRE-NOVIEMBRE.docx
2026-08-05 19:55:11 - INFO - Plantilla seleccionada: /home/interiano/Projects/program_automation/SEPTIEMBRE-NOVIEMBRE.docx
2026-08-05 19:55:12 - INFO - Iniciando procesamiento del documento fuente...
2026-08-05 19:55:12 - INFO - Iniciando análisis: /home/interiano/Projects/program_automation/SEPTIEMBRE-NOVIEMBRE.docx
2026-08-05 19:55:12 - INFO - Encabezados encontrados: 8 semanas
2026-08-05 19:55:12 - INFO - Tablas encontradas: 8
2026-08-05 19:55:12 - INFO - Sem 1: 7 al 13 de septiembre | Pres=Marvin Zúniga | T=3 M=2 CV=3
2026-08-05 19:55:12 - INFO - Sem 2: 14 al 20 de septiebre | Pres=Ricardo Interiano | T=3 M=4 CV=4
2026-08-05 19:55:12 - INFO - Sem 3: 21 al 27 de septiembre | Pres=Jezer Zúniga | T=3 M=3 CV=3
2026-08-05 19:55:12 - INFO - Sem 4: 28 de septiembre al 4 de octubre | Pres=German Cerrato | T=3 M=3 CV=3
2026-08-05 19:55:12 - INFO - Semana 5: número 8 inferido para 'Jehová protege a la viudas'.
2026-08-05 19:55:12 - INFO - Sem 5: 5 al 11 de octubre | Pres=Napoleón Morazán | T=3 M=4 CV=3
2026-08-05 19:55:12 - INFO - Semana 6: número 8 inferido para 'Necesidades de la congregación'.
2026-08-05 19:55:12 - INFO - Sem 6: 12 al 18 de octubre | Pres=Jorge Daniel Valladares | T=3 M=3 CV=3
2026-08-05 19:55:12 - INFO - Semana 7, punto 7: duración de discurso inferida en 5 minutos.
2026-08-05 19:55:12 - INFO - Sem 7: 19 al 25 de octubre | Pres=Ricardo Interiano | T=3 M=4 CV=3
2026-08-05 19:55:12 - INFO - Sem 8: 26 de octubre al 1 de noviembre | Pres=German Cerrato | T=3 M=3 CV=3
2026-08-05 19:55:12 - INFO - Análisis completado. 8 semanas extraídas.
2026-08-05 19:55:12 - INFO - Rellenando plantilla con 8 semanas...
2026-08-05 19:55:12 - INFO - Cargando plantilla: /home/interiano/Projects/program_automation/SEPTIEMBRE-NOVIEMBRE.docx
2026-08-05 19:55:12 - INFO - Capacidad detectada en la plantilla: 0 formularios.
2026-08-05 19:55:12 - WARNING - Solo 0 formularios disponibles. Se usan 0 de 8 semanas.
2026-08-05 19:55:13 - INFO - Placeholders tras limpieza: 0
2026-08-05 19:55:13 - INFO - Documento guardado: /home/interiano/Projects/program_automation/S-140_COMPLETADO.docx
2026-08-05 19:55:15 - INFO - Proceso completado exitosamente. Archivo: /home/interiano/Projects/program_automation/S-140_COMPLETADO.docx
2026-08-05 19:56:00 - INFO - Sistema de logging configurado. Archivo: /home/interiano/Projects/program_automation/meeting_generator.log
2026-08-05 19:56:00 - INFO - ============================================================
2026-08-05 19:56:00 - INFO - Meeting Generator - Iniciando aplicación
2026-08-05 19:56:00 - INFO - ============================================================
2026-08-05 19:56:16 - INFO - Documento fuente seleccionado: /home/interiano/Projects/program_automation/SEPTIEMBRE-NOVIEMBRE.docx
2026-08-05 19:56:20 - INFO - Plantilla seleccionada: /home/interiano/Projects/program_automation/S-140_S.docx
2026-08-05 19:56:21 - INFO - Iniciando procesamiento del documento fuente...
2026-08-05 19:56:21 - INFO - Iniciando análisis: /home/interiano/Projects/program_automation/SEPTIEMBRE-NOVIEMBRE.docx
2026-08-05 19:56:21 - INFO - Encabezados encontrados: 8 semanas
2026-08-05 19:56:21 - INFO - Tablas encontradas: 8
2026-08-05 19:56:21 - INFO - Sem 1: 7 al 13 de septiembre | Pres=Marvin Zúniga | T=3 M=2 CV=3
2026-08-05 19:56:21 - INFO - Sem 2: 14 al 20 de septiebre | Pres=Ricardo Interiano | T=3 M=4 CV=4
2026-08-05 19:56:21 - INFO - Sem 3: 21 al 27 de septiembre | Pres=Jezer Zúniga | T=3 M=3 CV=3
2026-08-05 19:56:21 - INFO - Sem 4: 28 de septiembre al 4 de octubre | Pres=German Cerrato | T=3 M=3 CV=3
2026-08-05 19:56:21 - INFO - Semana 5: número 8 inferido para 'Jehová protege a la viudas'.
2026-08-05 19:56:21 - INFO - Sem 5: 5 al 11 de octubre | Pres=Napoleón Morazán | T=3 M=4 CV=3
2026-08-05 19:56:21 - INFO - Semana 6: número 8 inferido para 'Necesidades de la congregación'.
2026-08-05 19:56:21 - INFO - Sem 6: 12 al 18 de octubre | Pres=Jorge Daniel Valladares | T=3 M=3 CV=3
2026-08-05 19:56:21 - INFO - Semana 7, punto 7: duración de discurso inferida en 5 minutos.
2026-08-05 19:56:21 - INFO - Sem 7: 19 al 25 de octubre | Pres=Ricardo Interiano | T=3 M=4 CV=3
2026-08-05 19:56:21 - INFO - Sem 8: 26 de octubre al 1 de noviembre | Pres=German Cerrato | T=3 M=3 CV=3
2026-08-05 19:56:21 - INFO - Análisis completado. 8 semanas extraídas.
2026-08-05 19:56:21 - INFO - Rellenando plantilla con 8 semanas...
2026-08-05 19:56:21 - INFO - Cargando plantilla: /home/interiano/Projects/program_automation/S-140_S.docx
2026-08-05 19:56:21 - INFO - Capacidad detectada en la plantilla: 10 formularios.
2026-08-05 19:56:22 - INFO - Tabla 1: semanas índice 0 a 3
2026-08-05 19:56:22 - INFO - Tabla 2: semanas índice 4 a 5
2026-08-05 19:56:23 - INFO - Tabla 3: semanas índice 6 a 7
2026-08-05 19:56:29 - INFO - Placeholders tras limpieza: 0
2026-08-05 19:56:29 - INFO - Documento guardado: /home/interiano/Projects/program_automation/S-140_COMPLETADO.docx
2026-08-05 19:56:30 - INFO - Proceso completado exitosamente. Archivo: /home/interiano/Projects/program_automation/S-140_COMPLETADO.docx
2026-08-05 19:58:49 - INFO - Sistema de logging configurado. Archivo: /home/interiano/Projects/program_automation/meeting_generator.log
2026-08-05 19:58:49 - INFO - ============================================================
2026-08-05 19:58:49 - INFO - Meeting Generator - Iniciando aplicación
2026-08-05 19:58:49 - INFO - ============================================================
2026-08-05 19:58:59 - INFO - Documento fuente seleccionado: /home/interiano/Projects/program_automation/SEPTIEMBRE-NOVIEMBRE.docx
2026-08-05 19:59:02 - INFO - Plantilla seleccionada: /home/interiano/Projects/program_automation/S-140_S.docx
2026-08-05 19:59:03 - INFO - Iniciando procesamiento del documento fuente...
2026-08-05 19:59:03 - INFO - Iniciando análisis: /home/interiano/Projects/program_automation/SEPTIEMBRE-NOVIEMBRE.docx
2026-08-05 19:59:03 - INFO - Encabezados encontrados: 8 semanas
2026-08-05 19:59:03 - INFO - Tablas encontradas: 8
2026-08-05 19:59:03 - INFO - Sem 1: 7 al 13 de septiembre | Pres=Marvin Zúniga | T=3 M=2 CV=3
2026-08-05 19:59:03 - INFO - Sem 2: 14 al 20 de septiebre | Pres=Ricardo Interiano | T=3 M=4 CV=4
2026-08-05 19:59:03 - INFO - Sem 3: 21 al 27 de septiembre | Pres=Jezer Zúniga | T=3 M=3 CV=3
2026-08-05 19:59:03 - INFO - Sem 4: 28 de septiembre al 4 de octubre | Pres=German Cerrato | T=3 M=3 CV=3
2026-08-05 19:59:03 - INFO - Semana 5: número 8 inferido para 'Jehová protege a la viudas'.
2026-08-05 19:59:03 - INFO - Sem 5: 5 al 11 de octubre | Pres=Napoleón Morazán | T=3 M=4 CV=3
2026-08-05 19:59:03 - INFO - Semana 6: número 8 inferido para 'Necesidades de la congregación'.
2026-08-05 19:59:03 - INFO - Sem 6: 12 al 18 de octubre | Pres=Jorge Daniel Valladares | T=3 M=3 CV=3
2026-08-05 19:59:03 - INFO - Semana 7, punto 7: duración de discurso inferida en 5 minutos.
2026-08-05 19:59:03 - INFO - Sem 7: 19 al 25 de octubre | Pres=Ricardo Interiano | T=3 M=4 CV=3
2026-08-05 19:59:03 - INFO - Sem 8: 26 de octubre al 1 de noviembre | Pres=German Cerrato | T=3 M=3 CV=3
2026-08-05 19:59:03 - INFO - Análisis completado. 8 semanas extraídas.
2026-08-05 19:59:03 - INFO - Rellenando plantilla con 8 semanas...
2026-08-05 19:59:03 - INFO - Cargando plantilla: /home/interiano/Projects/program_automation/S-140_S.docx
2026-08-05 19:59:03 - INFO - Capacidad detectada en la plantilla: 10 formularios.
2026-08-05 19:59:04 - INFO - Tabla 1: semanas índice 0 a 3
2026-08-05 19:59:04 - INFO - Tabla 2: semanas índice 4 a 5
2026-08-05 19:59:05 - INFO - Tabla 3: semanas índice 6 a 7
2026-08-05 19:59:11 - INFO - Placeholders tras limpieza: 0
2026-08-05 19:59:11 - INFO - Documento guardado: /home/interiano/Projects/program_automation/S-140_COMPLETADO.docx
2026-08-05 19:59:12 - INFO - Proceso completado exitosamente. Archivo: /home/interiano/Projects/program_automation/S-140_COMPLETADO.docx
